\BOOKMARK [1][-]{section.1}{\376\377\000M\000a\000c\000h\000i\000n\000e\000\040\000L\000e\000a\000r\000n\000i\000n\000g\000\040\000A\000l\000g\000o\000r\000i\000t\000h\000m\000s}{}% 1
\BOOKMARK [2][-]{subsection.1.1}{\376\377\000S\000u\000p\000e\000r\000v\000i\000s\000e\000d\000\040\000L\000e\000a\000r\000n\000i\000n\000g}{section.1}% 2
\BOOKMARK [2][-]{subsection.1.2}{\376\377\000M\000u\000l\000t\000i\000-\000C\000l\000a\000s\000s\000\040\000C\000l\000a\000s\000s\000i\000f\000i\000c\000a\000t\000i\000o\000n}{section.1}% 3
\BOOKMARK [2][-]{subsection.1.3}{\376\377\000D\000e\000c\000i\000s\000i\000o\000n\000\040\000T\000r\000e\000e\000s}{section.1}% 4
\BOOKMARK [2][-]{subsection.1.4}{\376\377\000R\000a\000n\000d\000o\000m\000\040\000F\000o\000r\000e\000s\000t}{section.1}% 5
\BOOKMARK [3][-]{subsubsection.1.4.1}{\376\377\000B\000a\000g\000g\000i\000n\000g\000\040\000a\000n\000d\000\040\000B\000o\000o\000t\000s\000t\000r\000a\000p\000\040\000A\000g\000g\000r\000e\000g\000a\000t\000i\000o\000n}{subsection.1.4}% 6
\BOOKMARK [3][-]{subsubsection.1.4.2}{\376\377\000R\000a\000n\000d\000o\000m\000\040\000F\000e\000a\000t\000u\000r\000e\000\040\000S\000u\000b\000s\000a\000m\000p\000l\000i\000n\000g}{subsection.1.4}% 7
\BOOKMARK [2][-]{subsection.1.5}{\376\377\000X\000G\000B\000o\000o\000s\000t\000\040\000/\000\040\000G\000r\000a\000d\000i\000e\000n\000t\000\040\000B\000o\000o\000s\000t\000i\000n\000g}{section.1}% 8
\BOOKMARK [2][-]{subsection.1.6}{\376\377\000C\000a\000s\000c\000a\000d\000e\000\040\000/\000\040\000S\000t\000a\000c\000k\000e\000d\000\040\000C\000l\000a\000s\000s\000i\000f\000i\000c\000a\000t\000i\000o\000n}{section.1}% 9
\BOOKMARK [2][-]{subsection.1.7}{\376\377\000C\000r\000o\000s\000s\000-\000V\000a\000l\000i\000d\000a\000t\000i\000o\000n\000\040\000a\000n\000d\000\040\000O\000u\000t\000-\000o\000f\000-\000F\000o\000l\000d\000\040\000P\000r\000e\000d\000i\000c\000t\000i\000o\000n\000s}{section.1}% 10
\BOOKMARK [2][-]{subsection.1.8}{\376\377\000T\000r\000a\000i\000n\000-\000T\000e\000s\000t\000\040\000S\000p\000l\000i\000t\000\040\000a\000n\000d\000\040\000D\000a\000t\000a\000\040\000L\000e\000a\000k\000a\000g\000e\000\040\000P\000r\000e\000v\000e\000n\000t\000i\000o\000n}{section.1}% 11
\BOOKMARK [1][-]{section.2}{\376\377\000F\000e\000a\000t\000u\000r\000e\000\040\000E\000n\000g\000i\000n\000e\000e\000r\000i\000n\000g}{}% 12
\BOOKMARK [2][-]{subsection.2.1}{\376\377\000T\000F\000-\000I\000D\000F\000\040\000V\000e\000c\000t\000o\000r\000i\000s\000a\000t\000i\000o\000n}{section.2}% 13
\BOOKMARK [2][-]{subsection.2.2}{\376\377\000O\000n\000e\000-\000H\000o\000t\000\040\000E\000n\000c\000o\000d\000i\000n\000g}{section.2}% 14
\BOOKMARK [2][-]{subsection.2.3}{\376\377\000F\000e\000a\000t\000u\000r\000e\000\040\000S\000c\000a\000l\000i\000n\000g\000\040\000/\000\040\000S\000t\000a\000n\000d\000a\000r\000d\000i\000s\000a\000t\000i\000o\000n}{section.2}% 15
\BOOKMARK [2][-]{subsection.2.4}{\376\377\000L\000a\000b\000e\000l\000\040\000E\000n\000c\000o\000d\000i\000n\000g}{section.2}% 16
\BOOKMARK [2][-]{subsection.2.5}{\376\377\000F\000e\000a\000t\000u\000r\000e\000\040\000B\000i\000n\000n\000i\000n\000g\000\040\000/\000\040\000D\000i\000s\000c\000r\000e\000t\000i\000s\000a\000t\000i\000o\000n}{section.2}% 17
\BOOKMARK [2][-]{subsection.2.6}{\376\377\000I\000n\000t\000e\000r\000a\000c\000t\000i\000o\000n\000\040\000F\000e\000a\000t\000u\000r\000e\000s}{section.2}% 18
\BOOKMARK [2][-]{subsection.2.7}{\376\377\000S\000p\000a\000r\000s\000e\000\040\000M\000a\000t\000r\000i\000x\000\040\000O\000p\000e\000r\000a\000t\000i\000o\000n\000s}{section.2}% 19
\BOOKMARK [2][-]{subsection.2.8}{\376\377\000R\000e\000g\000u\000l\000a\000r\000\040\000E\000x\000p\000r\000e\000s\000s\000i\000o\000n\000\040\000P\000a\000t\000t\000e\000r\000n\000\040\000M\000a\000t\000c\000h\000i\000n\000g}{section.2}% 20
\BOOKMARK [2][-]{subsection.2.9}{\376\377\000K\000e\000y\000w\000o\000r\000d\000-\000B\000a\000s\000e\000d\000\040\000T\000e\000x\000t\000\040\000C\000l\000a\000s\000s\000i\000f\000i\000c\000a\000t\000i\000o\000n}{section.2}% 21
\BOOKMARK [2][-]{subsection.2.10}{\376\377\000F\000u\000z\000z\000y\000\040\000S\000t\000r\000i\000n\000g\000\040\000M\000a\000t\000c\000h\000i\000n\000g}{section.2}% 22
\BOOKMARK [1][-]{section.3}{\376\377\000R\000u\000l\000e\000-\000B\000a\000s\000e\000d\000\040\000S\000y\000s\000t\000e\000m\000s}{}% 23
\BOOKMARK [2][-]{subsection.3.1}{\376\377\000D\000e\000t\000e\000r\000m\000i\000n\000i\000s\000t\000i\000c\000\040\000R\000u\000l\000e\000\040\000E\000n\000g\000i\000n\000e\000s}{section.3}% 24
\BOOKMARK [2][-]{subsection.3.2}{\376\377\000F\000i\000r\000s\000t\000-\000M\000a\000t\000c\000h\000-\000W\000i\000n\000s\000\040\000E\000v\000a\000l\000u\000a\000t\000i\000o\000n\000\040\000S\000t\000r\000a\000t\000e\000g\000y}{section.3}% 25
\BOOKMARK [2][-]{subsection.3.3}{\376\377\000C\000o\000n\000f\000i\000d\000e\000n\000c\000e\000\040\000T\000h\000r\000e\000s\000h\000o\000l\000d\000i\000n\000g}{section.3}% 26
\BOOKMARK [1][-]{section.4}{\376\377\000S\000c\000o\000r\000e\000\040\000C\000o\000m\000b\000i\000n\000a\000t\000i\000o\000n\000\040\000a\000n\000d\000\040\000D\000e\000c\000i\000s\000i\000o\000n\000\040\000F\000u\000s\000i\000o\000n}{}% 27
\BOOKMARK [2][-]{subsection.4.1}{\376\377\000W\000e\000i\000g\000h\000t\000e\000d\000\040\000S\000c\000o\000r\000e\000\040\000B\000l\000e\000n\000d\000i\000n\000g}{section.4}% 28
\BOOKMARK [2][-]{subsection.4.2}{\376\377\000G\000e\000o\000m\000e\000t\000r\000i\000c\000\040\000M\000e\000a\000n}{section.4}% 29
\BOOKMARK [2][-]{subsection.4.3}{\376\377\000A\000g\000r\000e\000e\000m\000e\000n\000t\000\040\000a\000n\000d\000\040\000D\000i\000s\000a\000g\000r\000e\000e\000m\000e\000n\000t\000\040\000D\000e\000t\000e\000c\000t\000i\000o\000n}{section.4}% 30
\BOOKMARK [2][-]{subsection.4.4}{\376\377\000C\000o\000n\000f\000i\000d\000e\000n\000c\000e\000\040\000C\000l\000a\000m\000p\000i\000n\000g\000\040\000a\000n\000d\000\040\000B\000o\000u\000n\000d\000i\000n\000g}{section.4}% 31
\BOOKMARK [1][-]{section.5}{\376\377\000L\000a\000r\000g\000e\000\040\000L\000a\000n\000g\000u\000a\000g\000e\000\040\000M\000o\000d\000e\000l\000s}{}% 32
\BOOKMARK [2][-]{subsection.5.1}{\376\377\000T\000r\000a\000n\000s\000f\000o\000r\000m\000e\000r\000\040\000A\000r\000c\000h\000i\000t\000e\000c\000t\000u\000r\000e}{section.5}% 33
\BOOKMARK [2][-]{subsection.5.2}{\376\377\000P\000r\000o\000m\000p\000t\000\040\000E\000n\000g\000i\000n\000e\000e\000r\000i\000n\000g}{section.5}% 34
\BOOKMARK [2][-]{subsection.5.3}{\376\377\000Z\000e\000r\000o\000-\000S\000h\000o\000t\000\040\000I\000n\000f\000e\000r\000e\000n\000c\000e}{section.5}% 35
\BOOKMARK [2][-]{subsection.5.4}{\376\377\000T\000e\000m\000p\000e\000r\000a\000t\000u\000r\000e\000\040\000a\000n\000d\000\040\000S\000e\000e\000d\000e\000d\000\040\000G\000e\000n\000e\000r\000a\000t\000i\000o\000n}{section.5}% 36
\BOOKMARK [2][-]{subsection.5.5}{\376\377\000J\000S\000O\000N\000-\000C\000o\000n\000s\000t\000r\000a\000i\000n\000e\000d\000\040\000O\000u\000t\000p\000u\000t\000\040\000G\000e\000n\000e\000r\000a\000t\000i\000o\000n}{section.5}% 37
\BOOKMARK [2][-]{subsection.5.6}{\376\377\000A\000P\000I\000-\000B\000a\000s\000e\000d\000\040\000L\000L\000M\000\040\000I\000n\000t\000e\000g\000r\000a\000t\000i\000o\000n}{section.5}% 38
\BOOKMARK [2][-]{subsection.5.7}{\376\377\000R\000e\000t\000r\000y\000\040\000w\000i\000t\000h\000\040\000E\000x\000p\000o\000n\000e\000n\000t\000i\000a\000l\000\040\000B\000a\000c\000k\000o\000f\000f}{section.5}% 39
\BOOKMARK [2][-]{subsection.5.8}{\376\377\000G\000r\000a\000c\000e\000f\000u\000l\000\040\000D\000e\000g\000r\000a\000d\000a\000t\000i\000o\000n\000\040\000a\000n\000d\000\040\000F\000a\000l\000l\000b\000a\000c\000k\000\040\000C\000h\000a\000i\000n\000s}{section.5}% 40
\BOOKMARK [1][-]{section.6}{\376\377\000M\000o\000d\000e\000l\000\040\000E\000v\000a\000l\000u\000a\000t\000i\000o\000n\000\040\000M\000e\000t\000r\000i\000c\000s}{}% 41
\BOOKMARK [2][-]{subsection.6.1}{\376\377\000A\000c\000c\000u\000r\000a\000c\000y}{section.6}% 42
\BOOKMARK [2][-]{subsection.6.2}{\376\377\000P\000r\000e\000c\000i\000s\000i\000o\000n}{section.6}% 43
\BOOKMARK [2][-]{subsection.6.3}{\376\377\000R\000e\000c\000a\000l\000l\000\040\000\050\000S\000e\000n\000s\000i\000t\000i\000v\000i\000t\000y\000\051}{section.6}% 44
\BOOKMARK [2][-]{subsection.6.4}{\376\377\000F\0001\000\040\000S\000c\000o\000r\000e}{section.6}% 45
\BOOKMARK [2][-]{subsection.6.5}{\376\377\000C\000o\000n\000f\000u\000s\000i\000o\000n\000\040\000M\000a\000t\000r\000i\000x}{section.6}% 46
\BOOKMARK [2][-]{subsection.6.6}{\376\377\000C\000l\000a\000s\000s\000i\000f\000i\000c\000a\000t\000i\000o\000n\000\040\000R\000e\000p\000o\000r\000t}{section.6}% 47
\BOOKMARK [2][-]{subsection.6.7}{\376\377\000F\000e\000a\000t\000u\000r\000e\000\040\000I\000m\000p\000o\000r\000t\000a\000n\000c\000e\000\040\000\050\000G\000i\000n\000i\000\040\000I\000m\000p\000o\000r\000t\000a\000n\000c\000e\000\051}{section.6}% 48
\BOOKMARK [2][-]{subsection.6.8}{\376\377\000C\000a\000l\000i\000b\000r\000a\000t\000i\000o\000n\000\040\000C\000u\000r\000v\000e\000s}{section.6}% 49
\BOOKMARK [1][-]{section.7}{\376\377\000S\000y\000n\000t\000h\000e\000t\000i\000c\000\040\000D\000a\000t\000a\000\040\000G\000e\000n\000e\000r\000a\000t\000i\000o\000n}{}% 50
\BOOKMARK [2][-]{subsection.7.1}{\376\377\000P\000r\000o\000b\000a\000b\000i\000l\000i\000t\000y\000\040\000D\000i\000s\000t\000r\000i\000b\000u\000t\000i\000o\000n\000s}{section.7}% 51
\BOOKMARK [2][-]{subsection.7.2}{\376\377\000W\000e\000i\000g\000h\000t\000e\000d\000\040\000R\000a\000n\000d\000o\000m\000\040\000S\000a\000m\000p\000l\000i\000n\000g}{section.7}% 52
\BOOKMARK [2][-]{subsection.7.3}{\376\377\000B\000i\000m\000o\000d\000a\000l\000\040\000a\000n\000d\000\040\000M\000i\000x\000t\000u\000r\000e\000\040\000D\000i\000s\000t\000r\000i\000b\000u\000t\000i\000o\000n\000s}{section.7}% 53
\BOOKMARK [2][-]{subsection.7.4}{\376\377\000C\000o\000r\000r\000e\000l\000a\000t\000e\000d\000\040\000F\000e\000a\000t\000u\000r\000e\000\040\000G\000e\000n\000e\000r\000a\000t\000i\000o\000n}{section.7}% 54
\BOOKMARK [2][-]{subsection.7.5}{\376\377\000L\000a\000b\000e\000l\000\040\000N\000o\000i\000s\000e\000\040\000I\000n\000j\000e\000c\000t\000i\000o\000n}{section.7}% 55
\BOOKMARK [2][-]{subsection.7.6}{\376\377\000T\000e\000m\000p\000o\000r\000a\000l\000\040\000D\000r\000i\000f\000t\000\040\000M\000o\000d\000e\000l\000l\000i\000n\000g}{section.7}% 56
\BOOKMARK [2][-]{subsection.7.7}{\376\377\000S\000e\000e\000d\000e\000d\000\040\000R\000a\000n\000d\000o\000m\000\040\000N\000u\000m\000b\000e\000r\000\040\000G\000e\000n\000e\000r\000a\000t\000i\000o\000n}{section.7}% 57
\BOOKMARK [1][-]{section.8}{\376\377\000S\000y\000s\000t\000e\000m\000\040\000A\000r\000c\000h\000i\000t\000e\000c\000t\000u\000r\000e\000\040\000P\000a\000t\000t\000e\000r\000n\000s}{}% 58
\BOOKMARK [2][-]{subsection.8.1}{\376\377\000M\000u\000l\000t\000i\000-\000S\000t\000a\000g\000e\000\040\000P\000i\000p\000e\000l\000i\000n\000e\000\040\000A\000r\000c\000h\000i\000t\000e\000c\000t\000u\000r\000e}{section.8}% 59
\BOOKMARK [2][-]{subsection.8.2}{\376\377\000H\000y\000b\000r\000i\000d\000\040\000D\000e\000c\000i\000s\000i\000o\000n\000\040\000E\000n\000g\000i\000n\000e\000s}{section.8}% 60
\BOOKMARK [2][-]{subsection.8.3}{\376\377\000L\000a\000z\000y\000\040\000L\000o\000a\000d\000i\000n\000g\000\040\000a\000n\000d\000\040\000S\000i\000n\000g\000l\000e\000t\000o\000n\000\040\000P\000a\000t\000t\000e\000r\000n}{section.8}% 61
\BOOKMARK [2][-]{subsection.8.4}{\376\377\000M\000o\000d\000e\000l\000\040\000S\000e\000r\000i\000a\000l\000i\000s\000a\000t\000i\000o\000n}{section.8}% 62
\BOOKMARK [2][-]{subsection.8.5}{\376\377\000A\000u\000t\000o\000-\000T\000r\000a\000i\000n\000i\000n\000g\000\040\000o\000n\000\040\000S\000t\000a\000r\000t\000u\000p}{section.8}% 63
\BOOKMARK [1][-]{section.9}{\376\377\000A\000P\000I\000\040\000a\000n\000d\000\040\000W\000e\000b\000\040\000A\000r\000c\000h\000i\000t\000e\000c\000t\000u\000r\000e}{}% 64
\BOOKMARK [2][-]{subsection.9.1}{\376\377\000R\000E\000S\000T\000f\000u\000l\000\040\000A\000P\000I\000\040\000D\000e\000s\000i\000g\000n}{section.9}% 65
\BOOKMARK [2][-]{subsection.9.2}{\376\377\000P\000y\000d\000a\000n\000t\000i\000c\000\040\000D\000a\000t\000a\000\040\000V\000a\000l\000i\000d\000a\000t\000i\000o\000n}{section.9}% 66
\BOOKMARK [2][-]{subsection.9.3}{\376\377\000C\000O\000R\000S\000\040\000M\000i\000d\000d\000l\000e\000w\000a\000r\000e}{section.9}% 67
\BOOKMARK [2][-]{subsection.9.4}{\376\377\000A\000s\000y\000n\000c\000/\000A\000w\000a\000i\000t\000\040\000P\000a\000t\000t\000e\000r\000n}{section.9}% 68
\BOOKMARK [2][-]{subsection.9.5}{\376\377\000H\000T\000T\000P\000\040\000E\000x\000c\000e\000p\000t\000i\000o\000n\000\040\000H\000a\000n\000d\000l\000i\000n\000g}{section.9}% 69
\BOOKMARK [2][-]{subsection.9.6}{\376\377\000E\000n\000v\000i\000r\000o\000n\000m\000e\000n\000t\000\040\000V\000a\000r\000i\000a\000b\000l\000e\000\040\000C\000o\000n\000f\000i\000g\000u\000r\000a\000t\000i\000o\000n}{section.9}% 70
\BOOKMARK [2][-]{subsection.9.7}{\376\377\000F\000i\000l\000e\000\040\000U\000p\000l\000o\000a\000d\000\040\000a\000n\000d\000\040\000M\000u\000l\000t\000i\000p\000a\000r\000t\000\040\000F\000o\000r\000m\000\040\000H\000a\000n\000d\000l\000i\000n\000g}{section.9}% 71
\BOOKMARK [1][-]{section.10}{\376\377\000O\000C\000R\000\040\000a\000n\000d\000\040\000I\000m\000a\000g\000e\000\040\000P\000r\000o\000c\000e\000s\000s\000i\000n\000g}{}% 72
\BOOKMARK [2][-]{subsection.10.1}{\376\377\000O\000p\000t\000i\000c\000a\000l\000\040\000C\000h\000a\000r\000a\000c\000t\000e\000r\000\040\000R\000e\000c\000o\000g\000n\000i\000t\000i\000o\000n}{section.10}% 73
\BOOKMARK [2][-]{subsection.10.2}{\376\377\000I\000m\000a\000g\000e\000-\000t\000o\000-\000A\000r\000r\000a\000y\000\040\000C\000o\000n\000v\000e\000r\000s\000i\000o\000n}{section.10}% 74
\BOOKMARK [2][-]{subsection.10.3}{\376\377\000S\000t\000r\000u\000c\000t\000u\000r\000e\000d\000\040\000D\000a\000t\000a\000\040\000E\000x\000t\000r\000a\000c\000t\000i\000o\000n\000\040\000f\000r\000o\000m\000\040\000R\000a\000w\000\040\000T\000e\000x\000t}{section.10}% 75
\BOOKMARK [1][-]{section.11}{\376\377\000L\000o\000g\000g\000i\000n\000g\000\040\000a\000n\000d\000\040\000O\000b\000s\000e\000r\000v\000a\000b\000i\000l\000i\000t\000y}{}% 76
\BOOKMARK [2][-]{subsection.11.1}{\376\377\000C\000e\000n\000t\000r\000a\000l\000i\000s\000e\000d\000\040\000L\000o\000g\000g\000i\000n\000g\000\040\000C\000o\000n\000f\000i\000g\000u\000r\000a\000t\000i\000o\000n}{section.11}% 77
\BOOKMARK [2][-]{subsection.11.2}{\376\377\000H\000i\000e\000r\000a\000r\000c\000h\000i\000c\000a\000l\000\040\000L\000o\000g\000g\000e\000r\000\040\000N\000a\000m\000e\000s\000p\000a\000c\000i\000n\000g}{section.11}% 78
\BOOKMARK [2][-]{subsection.11.3}{\376\377\000S\000t\000r\000u\000c\000t\000u\000r\000e\000d\000\040\000D\000e\000c\000i\000s\000i\000o\000n\000\040\000L\000o\000g\000g\000i\000n\000g}{section.11}% 79
\BOOKMARK [1][-]{section.12}{\376\377\000C\000o\000n\000t\000a\000i\000n\000e\000r\000i\000s\000a\000t\000i\000o\000n\000\040\000a\000n\000d\000\040\000D\000e\000p\000l\000o\000y\000m\000e\000n\000t}{}% 80
\BOOKMARK [2][-]{subsection.12.1}{\376\377\000D\000o\000c\000k\000e\000r\000\040\000C\000o\000n\000t\000a\000i\000n\000e\000r\000i\000s\000a\000t\000i\000o\000n}{section.12}% 81
\BOOKMARK [2][-]{subsection.12.2}{\376\377\000D\000o\000c\000k\000e\000r\000\040\000C\000o\000m\000p\000o\000s\000e\000\040\000O\000r\000c\000h\000e\000s\000t\000r\000a\000t\000i\000o\000n}{section.12}% 82
\BOOKMARK [2][-]{subsection.12.3}{\376\377\000H\000e\000a\000l\000t\000h\000\040\000C\000h\000e\000c\000k\000s}{section.12}% 83
\BOOKMARK [2][-]{subsection.12.4}{\376\377\000N\000g\000i\000n\000x\000\040\000S\000t\000a\000t\000i\000c\000\040\000F\000i\000l\000e\000\040\000S\000e\000r\000v\000i\000n\000g}{section.12}% 84
\BOOKMARK [1][-]{section.13}{\376\377\000S\000t\000a\000t\000i\000s\000t\000i\000c\000a\000l\000\040\000C\000o\000n\000c\000e\000p\000t\000s}{}% 85
\BOOKMARK [2][-]{subsection.13.1}{\376\377\000P\000e\000a\000r\000s\000o\000n\000\040\000C\000o\000r\000r\000e\000l\000a\000t\000i\000o\000n}{section.13}% 86
\BOOKMARK [2][-]{subsection.13.2}{\376\377\000S\000k\000e\000w\000n\000e\000s\000s}{section.13}% 87
\BOOKMARK [2][-]{subsection.13.3}{\376\377\000K\000u\000r\000t\000o\000s\000i\000s}{section.13}% 88
\BOOKMARK [2][-]{subsection.13.4}{\376\377\000Q\000u\000a\000n\000t\000i\000l\000e\000\040\000A\000n\000a\000l\000y\000s\000i\000s}{section.13}% 89
