This is pdfTeX, Version 3.141592653-2.6-1.40.25 (TeX Live 2023/Debian) (preloaded format=pdflatex 2026.4.19)  20 APR 2026 09:26
entering extended mode
 restricted \write18 enabled.
 %&-line parsing enabled.
**Foundation_TRACE.tex
(./Foundation_TRACE.tex
LaTeX2e <2023-11-01> patch level 1
L3 programming layer <2024-01-22>
(/usr/share/texlive/texmf-dist/tex/latex/base/article.cls
Document Class: article 2023/05/17 v1.4n Standard LaTeX document class
(/usr/share/texlive/texmf-dist/tex/latex/base/size10.clo
File: size10.clo 2023/05/17 v1.4n Standard LaTeX file (size option)
)
\c@part=\count187
\c@section=\count188
\c@subsection=\count189
\c@subsubsection=\count190
\c@paragraph=\count191
\c@subparagraph=\count192
\c@figure=\count193
\c@table=\count194
\abovecaptionskip=\skip48
\belowcaptionskip=\skip49
\bibindent=\dimen140
)
(/usr/share/texlive/texmf-dist/tex/latex/base/fontenc.sty
Package: fontenc 2021/04/29 v2.0v Standard LaTeX package
)
(/usr/share/texlive/texmf-dist/tex/latex/base/inputenc.sty
Package: inputenc 2021/02/14 v1.3d Input encoding file
\inpenc@prehook=\toks17
\inpenc@posthook=\toks18
)
(/usr/share/texlive/texmf-dist/tex/generic/babel/babel.sty
Package: babel 2024/01/07 v24.1 The Babel package
\babel@savecnt=\count195
\U@D=\dimen141
\l@unhyphenated=\language89

(/usr/share/texlive/texmf-dist/tex/generic/babel/txtbabel.def)
\bbl@readstream=\read2
\bbl@dirlevel=\count196

(/usr/share/texlive/texmf-dist/tex/generic/babel-english/english.ldf
Language: english 2017/06/06 v3.3r English support from the babel system
Package babel Info: Hyphen rules for 'canadian' set to \l@english
(babel)             (\language0). Reported on input line 102.
Package babel Info: Hyphen rules for 'australian' set to \l@ukenglish
(babel)             (\language79). Reported on input line 105.
Package babel Info: Hyphen rules for 'newzealand' set to \l@ukenglish
(babel)             (\language79). Reported on input line 108.
))
(/usr/share/texlive/texmf-dist/tex/generic/babel/locale/en/babel-english.tex
Package babel Info: Importing font and identification data for english
(babel)             from babel-en.ini. Reported on input line 11.
)
(/usr/share/texlive/texmf-dist/tex/latex/geometry/geometry.sty
Package: geometry 2020/01/02 v5.9 Page Geometry

(/usr/share/texlive/texmf-dist/tex/latex/graphics/keyval.sty
Package: keyval 2022/05/29 v1.15 key=value parser (DPC)
\KV@toks@=\toks19
)
(/usr/share/texlive/texmf-dist/tex/generic/iftex/ifvtex.sty
Package: ifvtex 2019/10/25 v1.7 ifvtex legacy package. Use iftex instead.

(/usr/share/texlive/texmf-dist/tex/generic/iftex/iftex.sty
Package: iftex 2022/02/03 v1.0f TeX engine tests
))
\Gm@cnth=\count197
\Gm@cntv=\count198
\c@Gm@tempcnt=\count199
\Gm@bindingoffset=\dimen142
\Gm@wd@mp=\dimen143
\Gm@odd@mp=\dimen144
\Gm@even@mp=\dimen145
\Gm@layoutwidth=\dimen146
\Gm@layoutheight=\dimen147
\Gm@layouthoffset=\dimen148
\Gm@layoutvoffset=\dimen149
\Gm@dimlist=\toks20
)
(/usr/share/texlive/texmf-dist/tex/latex/amsmath/amsmath.sty
Package: amsmath 2023/05/13 v2.17o AMS math features
\@mathmargin=\skip50

For additional information on amsmath, use the `?' option.
(/usr/share/texlive/texmf-dist/tex/latex/amsmath/amstext.sty
Package: amstext 2021/08/26 v2.01 AMS text

(/usr/share/texlive/texmf-dist/tex/latex/amsmath/amsgen.sty
File: amsgen.sty 1999/11/30 v2.0 generic functions
\@emptytoks=\toks21
\ex@=\dimen150
))
(/usr/share/texlive/texmf-dist/tex/latex/amsmath/amsbsy.sty
Package: amsbsy 1999/11/29 v1.2d Bold Symbols
\pmbraise@=\dimen151
)
(/usr/share/texlive/texmf-dist/tex/latex/amsmath/amsopn.sty
Package: amsopn 2022/04/08 v2.04 operator names
)
\inf@bad=\count266
LaTeX Info: Redefining \frac on input line 234.
\uproot@=\count267
\leftroot@=\count268
LaTeX Info: Redefining \overline on input line 399.
LaTeX Info: Redefining \colon on input line 410.
\classnum@=\count269
\DOTSCASE@=\count270
LaTeX Info: Redefining \ldots on input line 496.
LaTeX Info: Redefining \dots on input line 499.
LaTeX Info: Redefining \cdots on input line 620.
\Mathstrutbox@=\box51
\strutbox@=\box52
LaTeX Info: Redefining \big on input line 722.
LaTeX Info: Redefining \Big on input line 723.
LaTeX Info: Redefining \bigg on input line 724.
LaTeX Info: Redefining \Bigg on input line 725.
\big@size=\dimen152
LaTeX Font Info:    Redeclaring font encoding OML on input line 743.
LaTeX Font Info:    Redeclaring font encoding OMS on input line 744.
\macc@depth=\count271
LaTeX Info: Redefining \bmod on input line 905.
LaTeX Info: Redefining \pmod on input line 910.
LaTeX Info: Redefining \smash on input line 940.
LaTeX Info: Redefining \relbar on input line 970.
LaTeX Info: Redefining \Relbar on input line 971.
\c@MaxMatrixCols=\count272
\dotsspace@=\muskip16
\c@parentequation=\count273
\dspbrk@lvl=\count274
\tag@help=\toks22
\row@=\count275
\column@=\count276
\maxfields@=\count277
\andhelp@=\toks23
\eqnshift@=\dimen153
\alignsep@=\dimen154
\tagshift@=\dimen155
\tagwidth@=\dimen156
\totwidth@=\dimen157
\lineht@=\dimen158
\@envbody=\toks24
\multlinegap=\skip51
\multlinetaggap=\skip52
\mathdisplay@stack=\toks25
LaTeX Info: Redefining \[ on input line 2953.
LaTeX Info: Redefining \] on input line 2954.
)
(/usr/share/texlive/texmf-dist/tex/latex/amsfonts/amssymb.sty
Package: amssymb 2013/01/14 v3.01 AMS font symbols

(/usr/share/texlive/texmf-dist/tex/latex/amsfonts/amsfonts.sty
Package: amsfonts 2013/01/14 v3.01 Basic AMSFonts support
\symAMSa=\mathgroup4
\symAMSb=\mathgroup5
LaTeX Font Info:    Redeclaring math symbol \hbar on input line 98.
LaTeX Font Info:    Overwriting math alphabet `\mathfrak' in version `bold'
(Font)                  U/euf/m/n --> U/euf/b/n on input line 106.
))
(/usr/share/texlive/texmf-dist/tex/latex/mathtools/mathtools.sty
Package: mathtools 2022/06/29 v1.29 mathematical typesetting tools

(/usr/share/texlive/texmf-dist/tex/latex/tools/calc.sty
Package: calc 2023/07/08 v4.3 Infix arithmetic (KKT,FJ)
\calc@Acount=\count278
\calc@Bcount=\count279
\calc@Adimen=\dimen159
\calc@Bdimen=\dimen160
\calc@Askip=\skip53
\calc@Bskip=\skip54
LaTeX Info: Redefining \setlength on input line 80.
LaTeX Info: Redefining \addtolength on input line 81.
\calc@Ccount=\count280
\calc@Cskip=\skip55
)
(/usr/share/texlive/texmf-dist/tex/latex/mathtools/mhsetup.sty
Package: mhsetup 2021/03/18 v1.4 programming setup (MH)
)
\g_MT_multlinerow_int=\count281
\l_MT_multwidth_dim=\dimen161
\origjot=\skip56
\l_MT_shortvdotswithinadjustabove_dim=\dimen162
\l_MT_shortvdotswithinadjustbelow_dim=\dimen163
\l_MT_above_intertext_sep=\dimen164
\l_MT_below_intertext_sep=\dimen165
\l_MT_above_shortintertext_sep=\dimen166
\l_MT_below_shortintertext_sep=\dimen167
\xmathstrut@box=\box53
\xmathstrut@dim=\dimen168
)
(/usr/share/texlive/texmf-dist/tex/latex/graphics/graphicx.sty
Package: graphicx 2021/09/16 v1.2d Enhanced LaTeX Graphics (DPC,SPQR)

(/usr/share/texlive/texmf-dist/tex/latex/graphics/graphics.sty
Package: graphics 2022/03/10 v1.4e Standard LaTeX Graphics (DPC,SPQR)

(/usr/share/texlive/texmf-dist/tex/latex/graphics/trig.sty
Package: trig 2021/08/11 v1.11 sin cos tan (DPC)
)
(/usr/share/texlive/texmf-dist/tex/latex/graphics-cfg/graphics.cfg
File: graphics.cfg 2016/06/04 v1.11 sample graphics configuration
)
Package graphics Info: Driver file: pdftex.def on input line 107.

(/usr/share/texlive/texmf-dist/tex/latex/graphics-def/pdftex.def
File: pdftex.def 2022/09/22 v1.2b Graphics/color driver for pdftex
))
\Gin@req@height=\dimen169
\Gin@req@width=\dimen170
)
(/usr/share/texlive/texmf-dist/tex/latex/float/float.sty
Package: float 2001/11/08 v1.3d Float enhancements (AL)
\c@float@type=\count282
\float@exts=\toks26
\float@box=\box54
\@float@everytoks=\toks27
\@floatcapt=\box55
)
(/usr/share/texlive/texmf-dist/tex/latex/booktabs/booktabs.sty
Package: booktabs 2020/01/12 v1.61803398 Publication quality tables
\heavyrulewidth=\dimen171
\lightrulewidth=\dimen172
\cmidrulewidth=\dimen173
\belowrulesep=\dimen174
\belowbottomsep=\dimen175
\aboverulesep=\dimen176
\abovetopsep=\dimen177
\cmidrulesep=\dimen178
\cmidrulekern=\dimen179
\defaultaddspace=\dimen180
\@cmidla=\count283
\@cmidlb=\count284
\@aboverulesep=\dimen181
\@belowrulesep=\dimen182
\@thisruleclass=\count285
\@lastruleclass=\count286
\@thisrulewidth=\dimen183
)
(/usr/share/texlive/texmf-dist/tex/latex/multirow/multirow.sty
Package: multirow 2021/03/15 v2.8 Span multiple rows of a table
\multirow@colwidth=\skip57
\multirow@cntb=\count287
\multirow@dima=\skip58
\bigstrutjot=\dimen184
)
(/usr/share/texlive/texmf-dist/tex/latex/tools/array.sty
Package: array 2023/10/16 v2.5g Tabular extension package (FMi)
\col@sep=\dimen185
\ar@mcellbox=\box56
\extrarowheight=\dimen186
\NC@list=\toks28
\extratabsurround=\skip59
\backup@length=\skip60
\ar@cellbox=\box57
)
(/usr/share/texlive/texmf-dist/tex/latex/tools/longtable.sty
Package: longtable 2023-11-01 v4.19 Multi-page Table package (DPC)
\LTleft=\skip61
\LTright=\skip62
\LTpre=\skip63
\LTpost=\skip64
\LTchunksize=\count288
\LTcapwidth=\dimen187
\LT@head=\box58
\LT@firsthead=\box59
\LT@foot=\box60
\LT@lastfoot=\box61
\LT@gbox=\box62
\LT@cols=\count289
\LT@rows=\count290
\c@LT@tables=\count291
\c@LT@chunks=\count292
\LT@p@ftn=\toks29
)
(/usr/share/texlive/texmf-dist/tex/latex/tools/tabularx.sty
Package: tabularx 2023/07/08 v2.11c `tabularx' package (DPC)
\TX@col@width=\dimen188
\TX@old@table=\dimen189
\TX@old@col=\dimen190
\TX@target=\dimen191
\TX@delta=\dimen192
\TX@cols=\count293
\TX@ftn=\toks30
)
(/usr/share/texlive/texmf-dist/tex/latex/pgf/frontendlayer/tikz.sty
(/usr/share/texlive/texmf-dist/tex/latex/pgf/basiclayer/pgf.sty
(/usr/share/texlive/texmf-dist/tex/latex/pgf/utilities/pgfrcs.sty
(/usr/share/texlive/texmf-dist/tex/generic/pgf/utilities/pgfutil-common.tex
\pgfutil@everybye=\toks31
\pgfutil@tempdima=\dimen193
\pgfutil@tempdimb=\dimen194
)
(/usr/share/texlive/texmf-dist/tex/generic/pgf/utilities/pgfutil-latex.def
\pgfutil@abb=\box63
)
(/usr/share/texlive/texmf-dist/tex/generic/pgf/utilities/pgfrcs.code.tex
(/usr/share/texlive/texmf-dist/tex/generic/pgf/pgf.revision.tex)
Package: pgfrcs 2023-01-15 v3.1.10 (3.1.10)
))
Package: pgf 2023-01-15 v3.1.10 (3.1.10)

(/usr/share/texlive/texmf-dist/tex/latex/pgf/basiclayer/pgfcore.sty
(/usr/share/texlive/texmf-dist/tex/latex/pgf/systemlayer/pgfsys.sty
(/usr/share/texlive/texmf-dist/tex/generic/pgf/systemlayer/pgfsys.code.tex
Package: pgfsys 2023-01-15 v3.1.10 (3.1.10)

(/usr/share/texlive/texmf-dist/tex/generic/pgf/utilities/pgfkeys.code.tex
\pgfkeys@pathtoks=\toks32
\pgfkeys@temptoks=\toks33

(/usr/share/texlive/texmf-dist/tex/generic/pgf/utilities/pgfkeyslibraryfiltered
.code.tex
\pgfkeys@tmptoks=\toks34
))
\pgf@x=\dimen195
\pgf@y=\dimen196
\pgf@xa=\dimen197
\pgf@ya=\dimen198
\pgf@xb=\dimen199
\pgf@yb=\dimen256
\pgf@xc=\dimen257
\pgf@yc=\dimen258
\pgf@xd=\dimen259
\pgf@yd=\dimen260
\w@pgf@writea=\write3
\r@pgf@reada=\read3
\c@pgf@counta=\count294
\c@pgf@countb=\count295
\c@pgf@countc=\count296
\c@pgf@countd=\count297
\t@pgf@toka=\toks35
\t@pgf@tokb=\toks36
\t@pgf@tokc=\toks37
\pgf@sys@id@count=\count298
 (/usr/share/texlive/texmf-dist/tex/generic/pgf/systemlayer/pgf.cfg
File: pgf.cfg 2023-01-15 v3.1.10 (3.1.10)
)
Driver file for pgf: pgfsys-pdftex.def
(/usr/share/texlive/texmf-dist/tex/generic/pgf/systemlayer/pgfsys-pdftex.def
File: pgfsys-pdftex.def 2023-01-15 v3.1.10 (3.1.10)

(/usr/share/texlive/texmf-dist/tex/generic/pgf/systemlayer/pgfsys-common-pdf.de
f
File: pgfsys-common-pdf.def 2023-01-15 v3.1.10 (3.1.10)
)))
(/usr/share/texlive/texmf-dist/tex/generic/pgf/systemlayer/pgfsyssoftpath.code.
tex
File: pgfsyssoftpath.code.tex 2023-01-15 v3.1.10 (3.1.10)
\pgfsyssoftpath@smallbuffer@items=\count299
\pgfsyssoftpath@bigbuffer@items=\count300
)
(/usr/share/texlive/texmf-dist/tex/generic/pgf/systemlayer/pgfsysprotocol.code.
tex
File: pgfsysprotocol.code.tex 2023-01-15 v3.1.10 (3.1.10)
)) (/usr/share/texlive/texmf-dist/tex/latex/xcolor/xcolor.sty
Package: xcolor 2023/11/15 v3.01 LaTeX color extensions (UK)

(/usr/share/texlive/texmf-dist/tex/latex/graphics-cfg/color.cfg
File: color.cfg 2016/01/02 v1.6 sample color configuration
)
Package xcolor Info: Driver file: pdftex.def on input line 274.

(/usr/share/texlive/texmf-dist/tex/latex/graphics/mathcolor.ltx)
Package xcolor Info: Model `cmy' substituted by `cmy0' on input line 1350.
Package xcolor Info: Model `hsb' substituted by `rgb' on input line 1354.
Package xcolor Info: Model `RGB' extended on input line 1366.
Package xcolor Info: Model `HTML' substituted by `rgb' on input line 1368.
Package xcolor Info: Model `Hsb' substituted by `hsb' on input line 1369.
Package xcolor Info: Model `tHsb' substituted by `hsb' on input line 1370.
Package xcolor Info: Model `HSB' substituted by `hsb' on input line 1371.
Package xcolor Info: Model `Gray' substituted by `gray' on input line 1372.
Package xcolor Info: Model `wave' substituted by `hsb' on input line 1373.
)
(/usr/share/texlive/texmf-dist/tex/generic/pgf/basiclayer/pgfcore.code.tex
Package: pgfcore 2023-01-15 v3.1.10 (3.1.10)

(/usr/share/texlive/texmf-dist/tex/generic/pgf/math/pgfmath.code.tex
(/usr/share/texlive/texmf-dist/tex/generic/pgf/math/pgfmathutil.code.tex)
(/usr/share/texlive/texmf-dist/tex/generic/pgf/math/pgfmathparser.code.tex
\pgfmath@dimen=\dimen261
\pgfmath@count=\count301
\pgfmath@box=\box64
\pgfmath@toks=\toks38
\pgfmath@stack@operand=\toks39
\pgfmath@stack@operation=\toks40
)
(/usr/share/texlive/texmf-dist/tex/generic/pgf/math/pgfmathfunctions.code.tex)
(/usr/share/texlive/texmf-dist/tex/generic/pgf/math/pgfmathfunctions.basic.code
.tex)
(/usr/share/texlive/texmf-dist/tex/generic/pgf/math/pgfmathfunctions.trigonomet
ric.code.tex)
(/usr/share/texlive/texmf-dist/tex/generic/pgf/math/pgfmathfunctions.random.cod
e.tex)
(/usr/share/texlive/texmf-dist/tex/generic/pgf/math/pgfmathfunctions.comparison
.code.tex)
(/usr/share/texlive/texmf-dist/tex/generic/pgf/math/pgfmathfunctions.base.code.
tex)
(/usr/share/texlive/texmf-dist/tex/generic/pgf/math/pgfmathfunctions.round.code
.tex)
(/usr/share/texlive/texmf-dist/tex/generic/pgf/math/pgfmathfunctions.misc.code.
tex)
(/usr/share/texlive/texmf-dist/tex/generic/pgf/math/pgfmathfunctions.integerari
thmetics.code.tex)
(/usr/share/texlive/texmf-dist/tex/generic/pgf/math/pgfmathcalc.code.tex)
(/usr/share/texlive/texmf-dist/tex/generic/pgf/math/pgfmathfloat.code.tex
\c@pgfmathroundto@lastzeros=\count302
))
(/usr/share/texlive/texmf-dist/tex/generic/pgf/math/pgfint.code.tex)
(/usr/share/texlive/texmf-dist/tex/generic/pgf/basiclayer/pgfcorepoints.code.te
x
File: pgfcorepoints.code.tex 2023-01-15 v3.1.10 (3.1.10)
\pgf@picminx=\dimen262
\pgf@picmaxx=\dimen263
\pgf@picminy=\dimen264
\pgf@picmaxy=\dimen265
\pgf@pathminx=\dimen266
\pgf@pathmaxx=\dimen267
\pgf@pathminy=\dimen268
\pgf@pathmaxy=\dimen269
\pgf@xx=\dimen270
\pgf@xy=\dimen271
\pgf@yx=\dimen272
\pgf@yy=\dimen273
\pgf@zx=\dimen274
\pgf@zy=\dimen275
)
(/usr/share/texlive/texmf-dist/tex/generic/pgf/basiclayer/pgfcorepathconstruct.
code.tex
File: pgfcorepathconstruct.code.tex 2023-01-15 v3.1.10 (3.1.10)
\pgf@path@lastx=\dimen276
\pgf@path@lasty=\dimen277
)
(/usr/share/texlive/texmf-dist/tex/generic/pgf/basiclayer/pgfcorepathusage.code
.tex
File: pgfcorepathusage.code.tex 2023-01-15 v3.1.10 (3.1.10)
\pgf@shorten@end@additional=\dimen278
\pgf@shorten@start@additional=\dimen279
)
(/usr/share/texlive/texmf-dist/tex/generic/pgf/basiclayer/pgfcorescopes.code.te
x
File: pgfcorescopes.code.tex 2023-01-15 v3.1.10 (3.1.10)
\pgfpic=\box65
\pgf@hbox=\box66
\pgf@layerbox@main=\box67
\pgf@picture@serial@count=\count303
)
(/usr/share/texlive/texmf-dist/tex/generic/pgf/basiclayer/pgfcoregraphicstate.c
ode.tex
File: pgfcoregraphicstate.code.tex 2023-01-15 v3.1.10 (3.1.10)
\pgflinewidth=\dimen280
)
(/usr/share/texlive/texmf-dist/tex/generic/pgf/basiclayer/pgfcoretransformation
s.code.tex
File: pgfcoretransformations.code.tex 2023-01-15 v3.1.10 (3.1.10)
\pgf@pt@x=\dimen281
\pgf@pt@y=\dimen282
\pgf@pt@temp=\dimen283
)
(/usr/share/texlive/texmf-dist/tex/generic/pgf/basiclayer/pgfcorequick.code.tex
File: pgfcorequick.code.tex 2023-01-15 v3.1.10 (3.1.10)
)
(/usr/share/texlive/texmf-dist/tex/generic/pgf/basiclayer/pgfcoreobjects.code.t
ex
File: pgfcoreobjects.code.tex 2023-01-15 v3.1.10 (3.1.10)
)
(/usr/share/texlive/texmf-dist/tex/generic/pgf/basiclayer/pgfcorepathprocessing
.code.tex
File: pgfcorepathprocessing.code.tex 2023-01-15 v3.1.10 (3.1.10)
)
(/usr/share/texlive/texmf-dist/tex/generic/pgf/basiclayer/pgfcorearrows.code.te
x
File: pgfcorearrows.code.tex 2023-01-15 v3.1.10 (3.1.10)
\pgfarrowsep=\dimen284
)
(/usr/share/texlive/texmf-dist/tex/generic/pgf/basiclayer/pgfcoreshade.code.tex
File: pgfcoreshade.code.tex 2023-01-15 v3.1.10 (3.1.10)
\pgf@max=\dimen285
\pgf@sys@shading@range@num=\count304
\pgf@shadingcount=\count305
)
(/usr/share/texlive/texmf-dist/tex/generic/pgf/basiclayer/pgfcoreimage.code.tex
File: pgfcoreimage.code.tex 2023-01-15 v3.1.10 (3.1.10)
)
(/usr/share/texlive/texmf-dist/tex/generic/pgf/basiclayer/pgfcoreexternal.code.
tex
File: pgfcoreexternal.code.tex 2023-01-15 v3.1.10 (3.1.10)
\pgfexternal@startupbox=\box68
)
(/usr/share/texlive/texmf-dist/tex/generic/pgf/basiclayer/pgfcorelayers.code.te
x
File: pgfcorelayers.code.tex 2023-01-15 v3.1.10 (3.1.10)
)
(/usr/share/texlive/texmf-dist/tex/generic/pgf/basiclayer/pgfcoretransparency.c
ode.tex
File: pgfcoretransparency.code.tex 2023-01-15 v3.1.10 (3.1.10)
)
(/usr/share/texlive/texmf-dist/tex/generic/pgf/basiclayer/pgfcorepatterns.code.
tex
File: pgfcorepatterns.code.tex 2023-01-15 v3.1.10 (3.1.10)
)
(/usr/share/texlive/texmf-dist/tex/generic/pgf/basiclayer/pgfcorerdf.code.tex
File: pgfcorerdf.code.tex 2023-01-15 v3.1.10 (3.1.10)
)))
(/usr/share/texlive/texmf-dist/tex/generic/pgf/modules/pgfmoduleshapes.code.tex
File: pgfmoduleshapes.code.tex 2023-01-15 v3.1.10 (3.1.10)
\pgfnodeparttextbox=\box69
) (/usr/share/texlive/texmf-dist/tex/generic/pgf/modules/pgfmoduleplot.code.tex
File: pgfmoduleplot.code.tex 2023-01-15 v3.1.10 (3.1.10)
)
(/usr/share/texlive/texmf-dist/tex/latex/pgf/compatibility/pgfcomp-version-0-65
.sty
Package: pgfcomp-version-0-65 2023-01-15 v3.1.10 (3.1.10)
\pgf@nodesepstart=\dimen286
\pgf@nodesepend=\dimen287
)
(/usr/share/texlive/texmf-dist/tex/latex/pgf/compatibility/pgfcomp-version-1-18
.sty
Package: pgfcomp-version-1-18 2023-01-15 v3.1.10 (3.1.10)
)) (/usr/share/texlive/texmf-dist/tex/latex/pgf/utilities/pgffor.sty
(/usr/share/texlive/texmf-dist/tex/latex/pgf/utilities/pgfkeys.sty
(/usr/share/texlive/texmf-dist/tex/generic/pgf/utilities/pgfkeys.code.tex))
(/usr/share/texlive/texmf-dist/tex/latex/pgf/math/pgfmath.sty
(/usr/share/texlive/texmf-dist/tex/generic/pgf/math/pgfmath.code.tex))
(/usr/share/texlive/texmf-dist/tex/generic/pgf/utilities/pgffor.code.tex
Package: pgffor 2023-01-15 v3.1.10 (3.1.10)
\pgffor@iter=\dimen288
\pgffor@skip=\dimen289
\pgffor@stack=\toks41
\pgffor@toks=\toks42
))
(/usr/share/texlive/texmf-dist/tex/generic/pgf/frontendlayer/tikz/tikz.code.tex
Package: tikz 2023-01-15 v3.1.10 (3.1.10)

(/usr/share/texlive/texmf-dist/tex/generic/pgf/libraries/pgflibraryplothandlers
.code.tex
File: pgflibraryplothandlers.code.tex 2023-01-15 v3.1.10 (3.1.10)
\pgf@plot@mark@count=\count306
\pgfplotmarksize=\dimen290
)
\tikz@lastx=\dimen291
\tikz@lasty=\dimen292
\tikz@lastxsaved=\dimen293
\tikz@lastysaved=\dimen294
\tikz@lastmovetox=\dimen295
\tikz@lastmovetoy=\dimen296
\tikzleveldistance=\dimen297
\tikzsiblingdistance=\dimen298
\tikz@figbox=\box70
\tikz@figbox@bg=\box71
\tikz@tempbox=\box72
\tikz@tempbox@bg=\box73
\tikztreelevel=\count307
\tikznumberofchildren=\count308
\tikznumberofcurrentchild=\count309
\tikz@fig@count=\count310

(/usr/share/texlive/texmf-dist/tex/generic/pgf/modules/pgfmodulematrix.code.tex
File: pgfmodulematrix.code.tex 2023-01-15 v3.1.10 (3.1.10)
\pgfmatrixcurrentrow=\count311
\pgfmatrixcurrentcolumn=\count312
\pgf@matrix@numberofcolumns=\count313
)
\tikz@expandcount=\count314

(/usr/share/texlive/texmf-dist/tex/generic/pgf/frontendlayer/tikz/libraries/tik
zlibrarytopaths.code.tex
File: tikzlibrarytopaths.code.tex 2023-01-15 v3.1.10 (3.1.10)
)))
(/usr/share/texlive/texmf-dist/tex/generic/pgf/frontendlayer/tikz/libraries/tik
zlibrarypositioning.code.tex
File: tikzlibrarypositioning.code.tex 2023-01-15 v3.1.10 (3.1.10)
)
(/usr/share/texlive/texmf-dist/tex/generic/pgf/libraries/pgflibraryarrows.meta.
code.tex
File: pgflibraryarrows.meta.code.tex 2023-01-15 v3.1.10 (3.1.10)
\pgfarrowinset=\dimen299
\pgfarrowlength=\dimen300
\pgfarrowwidth=\dimen301
\pgfarrowlinewidth=\dimen302
)
(/usr/share/texlive/texmf-dist/tex/generic/pgf/frontendlayer/tikz/libraries/tik
zlibraryshapes.geometric.code.tex
File: tikzlibraryshapes.geometric.code.tex 2023-01-15 v3.1.10 (3.1.10)

(/usr/share/texlive/texmf-dist/tex/generic/pgf/libraries/shapes/pgflibraryshape
s.geometric.code.tex
File: pgflibraryshapes.geometric.code.tex 2023-01-15 v3.1.10 (3.1.10)
))
(/usr/share/texlive/texmf-dist/tex/generic/pgf/frontendlayer/tikz/libraries/tik
zlibrarycalc.code.tex
File: tikzlibrarycalc.code.tex 2023-01-15 v3.1.10 (3.1.10)
)
(/usr/share/texlive/texmf-dist/tex/generic/pgf/frontendlayer/tikz/libraries/tik
zlibrarydecorations.pathreplacing.code.tex
(/usr/share/texlive/texmf-dist/tex/generic/pgf/frontendlayer/tikz/libraries/tik
zlibrarydecorations.code.tex
(/usr/share/texlive/texmf-dist/tex/generic/pgf/modules/pgfmoduledecorations.cod
e.tex
\pgfdecoratedcompleteddistance=\dimen303
\pgfdecoratedremainingdistance=\dimen304
\pgfdecoratedinputsegmentcompleteddistance=\dimen305
\pgfdecoratedinputsegmentremainingdistance=\dimen306
\pgf@decorate@distancetomove=\dimen307
\pgf@decorate@repeatstate=\count315
\pgfdecorationsegmentamplitude=\dimen308
\pgfdecorationsegmentlength=\dimen309
)
\tikz@lib@dec@box=\box74
)
(/usr/share/texlive/texmf-dist/tex/generic/pgf/libraries/decorations/pgflibrary
decorations.pathreplacing.code.tex))
(/usr/share/texlive/texmf-dist/tex/latex/listings/listings.sty
\lst@mode=\count316
\lst@gtempboxa=\box75
\lst@token=\toks43
\lst@length=\count317
\lst@currlwidth=\dimen310
\lst@column=\count318
\lst@pos=\count319
\lst@lostspace=\dimen311
\lst@width=\dimen312
\lst@newlines=\count320
\lst@lineno=\count321
\lst@maxwidth=\dimen313

(/usr/share/texlive/texmf-dist/tex/latex/listings/lstmisc.sty
File: lstmisc.sty 2023/02/27 1.9 (Carsten Heinz)
\c@lstnumber=\count322
\lst@skipnumbers=\count323
\lst@framebox=\box76
)
(/usr/share/texlive/texmf-dist/tex/latex/listings/listings.cfg
File: listings.cfg 2023/02/27 1.9 listings configuration
))
Package: listings 2023/02/27 1.9 (Carsten Heinz)

(/usr/share/texlive/texmf-dist/tex/latex/graphics/dvipsnam.def
File: dvipsnam.def 2016/06/17 v3.0m Driver-dependent file (DPC,SPQR)
)
(/usr/share/texlive/texmf-dist/tex/latex/xcolor/svgnam.def
File: svgnam.def 2023/11/15 v3.01 Predefined colors according to SVG 1.1 (UK)
)
(/usr/share/texlive/texmf-dist/tex/latex/hyperref/hyperref.sty
Package: hyperref 2024-01-20 v7.01h Hypertext links for LaTeX

(/usr/share/texlive/texmf-dist/tex/latex/kvsetkeys/kvsetkeys.sty
Package: kvsetkeys 2022-10-05 v1.19 Key value parser (HO)
)
(/usr/share/texlive/texmf-dist/tex/generic/kvdefinekeys/kvdefinekeys.sty
Package: kvdefinekeys 2019-12-19 v1.6 Define keys (HO)
)
(/usr/share/texlive/texmf-dist/tex/generic/pdfescape/pdfescape.sty
Package: pdfescape 2019/12/09 v1.15 Implements pdfTeX's escape features (HO)

(/usr/share/texlive/texmf-dist/tex/generic/ltxcmds/ltxcmds.sty
Package: ltxcmds 2023-12-04 v1.26 LaTeX kernel commands for general use (HO)
)
(/usr/share/texlive/texmf-dist/tex/generic/pdftexcmds/pdftexcmds.sty
Package: pdftexcmds 2020-06-27 v0.33 Utility functions of pdfTeX for LuaTeX (HO
)

(/usr/share/texlive/texmf-dist/tex/generic/infwarerr/infwarerr.sty
Package: infwarerr 2019/12/03 v1.5 Providing info/warning/error messages (HO)
)
Package pdftexcmds Info: \pdf@primitive is available.
Package pdftexcmds Info: \pdf@ifprimitive is available.
Package pdftexcmds Info: \pdfdraftmode found.
))
(/usr/share/texlive/texmf-dist/tex/latex/hycolor/hycolor.sty
Package: hycolor 2020-01-27 v1.10 Color options for hyperref/bookmark (HO)
)
(/usr/share/texlive/texmf-dist/tex/latex/auxhook/auxhook.sty
Package: auxhook 2019-12-17 v1.6 Hooks for auxiliary files (HO)
)
(/usr/share/texlive/texmf-dist/tex/latex/hyperref/nameref.sty
Package: nameref 2023-11-26 v2.56 Cross-referencing by name of section

(/usr/share/texlive/texmf-dist/tex/latex/refcount/refcount.sty
Package: refcount 2019/12/15 v3.6 Data extraction from label references (HO)
)
(/usr/share/texlive/texmf-dist/tex/generic/gettitlestring/gettitlestring.sty
Package: gettitlestring 2019/12/15 v1.6 Cleanup title references (HO)

(/usr/share/texlive/texmf-dist/tex/latex/kvoptions/kvoptions.sty
Package: kvoptions 2022-06-15 v3.15 Key value format for package options (HO)
))
\c@section@level=\count324
)
(/usr/share/texlive/texmf-dist/tex/latex/etoolbox/etoolbox.sty
Package: etoolbox 2020/10/05 v2.5k e-TeX tools for LaTeX (JAW)
\etb@tempcnta=\count325
)
\@linkdim=\dimen314
\Hy@linkcounter=\count326
\Hy@pagecounter=\count327

(/usr/share/texlive/texmf-dist/tex/latex/hyperref/pd1enc.def
File: pd1enc.def 2024-01-20 v7.01h Hyperref: PDFDocEncoding definition (HO)
Now handling font encoding PD1 ...
... no UTF-8 mapping file for font encoding PD1
)
(/usr/share/texlive/texmf-dist/tex/generic/intcalc/intcalc.sty
Package: intcalc 2019/12/15 v1.3 Expandable calculations with integers (HO)
)
\Hy@SavedSpaceFactor=\count328

(/usr/share/texlive/texmf-dist/tex/latex/hyperref/puenc.def
File: puenc.def 2024-01-20 v7.01h Hyperref: PDF Unicode definition (HO)
Now handling font encoding PU ...
... no UTF-8 mapping file for font encoding PU
)
Package hyperref Info: Option `colorlinks' set `true' on input line 4062.
Package hyperref Info: Hyper figures OFF on input line 4179.
Package hyperref Info: Link nesting OFF on input line 4184.
Package hyperref Info: Hyper index ON on input line 4187.
Package hyperref Info: Plain pages OFF on input line 4194.
Package hyperref Info: Backreferencing OFF on input line 4199.
Package hyperref Info: Implicit mode ON; LaTeX internals redefined.
Package hyperref Info: Bookmarks ON on input line 4446.
\c@Hy@tempcnt=\count329

(/usr/share/texlive/texmf-dist/tex/latex/url/url.sty
\Urlmuskip=\muskip17
Package: url 2013/09/16  ver 3.4  Verb mode for urls, etc.
)
LaTeX Info: Redefining \url on input line 4784.
\XeTeXLinkMargin=\dimen315

(/usr/share/texlive/texmf-dist/tex/generic/bitset/bitset.sty
Package: bitset 2019/12/09 v1.3 Handle bit-vector datatype (HO)

(/usr/share/texlive/texmf-dist/tex/generic/bigintcalc/bigintcalc.sty
Package: bigintcalc 2019/12/15 v1.5 Expandable calculations on big integers (HO
)
))
\Fld@menulength=\count330
\Field@Width=\dimen316
\Fld@charsize=\dimen317
Package hyperref Info: Hyper figures OFF on input line 6063.
Package hyperref Info: Link nesting OFF on input line 6068.
Package hyperref Info: Hyper index ON on input line 6071.
Package hyperref Info: backreferencing OFF on input line 6078.
Package hyperref Info: Link coloring ON on input line 6081.
Package hyperref Info: Link coloring with OCG OFF on input line 6088.
Package hyperref Info: PDF/A mode OFF on input line 6093.

(/usr/share/texlive/texmf-dist/tex/latex/base/atbegshi-ltx.sty
Package: atbegshi-ltx 2021/01/10 v1.0c Emulation of the original atbegshi
package with kernel methods
)
\Hy@abspage=\count331
\c@Item=\count332
\c@Hfootnote=\count333
)
Package hyperref Info: Driver (autodetected): hpdftex.

(/usr/share/texlive/texmf-dist/tex/latex/hyperref/hpdftex.def
File: hpdftex.def 2024-01-20 v7.01h Hyperref driver for pdfTeX

(/usr/share/texlive/texmf-dist/tex/latex/base/atveryend-ltx.sty
Package: atveryend-ltx 2020/08/19 v1.0a Emulation of the original atveryend pac
kage
with kernel methods
)
\Fld@listcount=\count334
\c@bookmark@seq@number=\count335

(/usr/share/texlive/texmf-dist/tex/latex/rerunfilecheck/rerunfilecheck.sty
Package: rerunfilecheck 2022-07-10 v1.10 Rerun checks for auxiliary files (HO)

(/usr/share/texlive/texmf-dist/tex/generic/uniquecounter/uniquecounter.sty
Package: uniquecounter 2019/12/15 v1.4 Provide unlimited unique counter (HO)
)
Package uniquecounter Info: New unique counter `rerunfilecheck' on input line 2
85.
)
\Hy@SectionHShift=\skip65
)
(/usr/share/texlive/texmf-dist/tex/latex/enumitem/enumitem.sty
Package: enumitem 2019/06/20 v3.9 Customized lists
\labelindent=\skip66
\enit@outerparindent=\dimen318
\enit@toks=\toks44
\enit@inbox=\box77
\enit@count@id=\count336
\enitdp@description=\count337
)
(/usr/share/texlive/texmf-dist/tex/latex/l3backend/l3backend-pdftex.def
File: l3backend-pdftex.def 2024-01-04 L3 backend support: PDF output (pdfTeX)
\l__color_backend_stack_int=\count338
\l__pdf_internal_box=\box78
)
(./Foundation_TRACE.aux)
\openout1 = `Foundation_TRACE.aux'.

LaTeX Font Info:    Checking defaults for OML/cmm/m/it on input line 57.
LaTeX Font Info:    ... okay on input line 57.
LaTeX Font Info:    Checking defaults for OMS/cmsy/m/n on input line 57.
LaTeX Font Info:    ... okay on input line 57.
LaTeX Font Info:    Checking defaults for OT1/cmr/m/n on input line 57.
LaTeX Font Info:    ... okay on input line 57.
LaTeX Font Info:    Checking defaults for T1/cmr/m/n on input line 57.
LaTeX Font Info:    ... okay on input line 57.
LaTeX Font Info:    Checking defaults for TS1/cmr/m/n on input line 57.
LaTeX Font Info:    ... okay on input line 57.
LaTeX Font Info:    Checking defaults for OMX/cmex/m/n on input line 57.
LaTeX Font Info:    ... okay on input line 57.
LaTeX Font Info:    Checking defaults for U/cmr/m/n on input line 57.
LaTeX Font Info:    ... okay on input line 57.
LaTeX Font Info:    Checking defaults for PD1/pdf/m/n on input line 57.
LaTeX Font Info:    ... okay on input line 57.
LaTeX Font Info:    Checking defaults for PU/pdf/m/n on input line 57.
LaTeX Font Info:    ... okay on input line 57.

*geometry* driver: auto-detecting
*geometry* detected driver: pdftex
*geometry* verbose mode - [ preamble ] result:
* driver: pdftex
* paper: a4paper
* layout: <same size as paper>
* layoutoffset:(h,v)=(0.0pt,0.0pt)
* modes: 
* h-part:(L,W,R)=(72.26999pt, 452.9679pt, 72.26999pt)
* v-part:(T,H,B)=(72.26999pt, 700.50687pt, 72.26999pt)
* \paperwidth=597.50787pt
* \paperheight=845.04684pt
* \textwidth=452.9679pt
* \textheight=700.50687pt
* \oddsidemargin=0.0pt
* \evensidemargin=0.0pt
* \topmargin=-37.0pt
* \headheight=12.0pt
* \headsep=25.0pt
* \topskip=10.0pt
* \footskip=30.0pt
* \marginparwidth=57.0pt
* \marginparsep=11.0pt
* \columnsep=10.0pt
* \skip\footins=9.0pt plus 4.0pt minus 2.0pt
* \hoffset=0.0pt
* \voffset=0.0pt
* \mag=1000
* \@twocolumnfalse
* \@twosidefalse
* \@mparswitchfalse
* \@reversemarginfalse
* (1in=72.27pt=25.4mm, 1cm=28.453pt)

(/usr/share/texlive/texmf-dist/tex/context/base/mkii/supp-pdf.mkii
[Loading MPS to PDF converter (version 2006.09.02).]
\scratchcounter=\count339
\scratchdimen=\dimen319
\scratchbox=\box79
\nofMPsegments=\count340
\nofMParguments=\count341
\everyMPshowfont=\toks45
\MPscratchCnt=\count342
\MPscratchDim=\dimen320
\MPnumerator=\count343
\makeMPintoPDFobject=\count344
\everyMPtoPDFconversion=\toks46
) (/usr/share/texlive/texmf-dist/tex/latex/epstopdf-pkg/epstopdf-base.sty
Package: epstopdf-base 2020-01-24 v2.11 Base part for package epstopdf
Package epstopdf-base Info: Redefining graphics rule for `.eps' on input line 4
85.

(/usr/share/texlive/texmf-dist/tex/latex/latexconfig/epstopdf-sys.cfg
File: epstopdf-sys.cfg 2010/07/13 v1.3 Configuration of (r)epstopdf for TeX Liv
e
))
\c@lstlisting=\count345
Package hyperref Info: Link coloring ON on input line 57.

(./Foundation_TRACE.out) (./Foundation_TRACE.out)
\@outlinefile=\write4
\openout4 = `Foundation_TRACE.out'.

LaTeX Font Info:    Trying to load font information for U+msa on input line 59.


(/usr/share/texlive/texmf-dist/tex/latex/amsfonts/umsa.fd
File: umsa.fd 2013/01/14 v3.01 AMS symbols A
)
LaTeX Font Info:    Trying to load font information for U+msb on input line 59.


(/usr/share/texlive/texmf-dist/tex/latex/amsfonts/umsb.fd
File: umsb.fd 2013/01/14 v3.01 AMS symbols B
)
(./Foundation_TRACE.toc [1

{/var/lib/texmf/fonts/map/pdftex/updmap/pdftex.map}{/usr/share/texmf/fonts/enc/
dvips/cm-super/cm-super-t1.enc}])
\tf@toc=\write5
\openout5 = `Foundation_TRACE.toc'.

 [2]
<figures/fig_supervised_learning_pipeline.pdf, id=469, 385.74112pt x 188.6247pt
>
File: figures/fig_supervised_learning_pipeline.pdf Graphic file (type pdf)
<use figures/fig_supervised_learning_pipeline.pdf>
Package pdftex.def Info: figures/fig_supervised_learning_pipeline.pdf  used on 
input line 92.
(pdftex.def)             Requested size: 385.02547pt x 188.28459pt.
 [3 <./figures/fig_supervised_learning_pipeline.pdf>]
<figures/fig_multiclass_decision_boundary.pdf, id=574, 279.79843pt x 245.9495pt
>
File: figures/fig_multiclass_decision_boundary.pdf Graphic file (type pdf)
<use figures/fig_multiclass_decision_boundary.pdf>
Package pdftex.def Info: figures/fig_multiclass_decision_boundary.pdf  used on 
input line 120.
(pdftex.def)             Requested size: 362.37569pt x 318.55214pt.
 [4 <./figures/fig_multiclass_decision_boundary.pdf>]
LaTeX Font Info:    Trying to load font information for T1+cmtt on input line 1
55.
 (/usr/share/texlive/texmf-dist/tex/latex/base/t1cmtt.fd
File: t1cmtt.fd 2023/04/13 v2.5m Standard LaTeX font definitions
)
Overfull \hbox (9.47473pt too wide) in paragraph at lines 155--156
\T1/cmr/m/n/10 is de-clared a leaf when a stop-ping cri-te-rion is met: max-i-m
um depth reached, fewer than \T1/cmtt/m/n/10 min_samples_split
 []

<figures/fig_decision_tree_example.pdf, id=610, 301.77586pt x 244.2726pt>
File: figures/fig_decision_tree_example.pdf Graphic file (type pdf)
<use figures/fig_decision_tree_example.pdf>
Package pdftex.def Info: figures/fig_decision_tree_example.pdf  used on input l
ine 159.
(pdftex.def)             Requested size: 385.02547pt x 311.68385pt.
[5 <./figures/fig_decision_tree_example.pdf>]
<figures/fig_random_forest_architecture.pdf, id=665, 385.74112pt x 216.44865pt>

File: figures/fig_random_forest_architecture.pdf Graphic file (type pdf)
<use figures/fig_random_forest_architecture.pdf>
Package pdftex.def Info: figures/fig_random_forest_architecture.pdf  used on in
put line 200.
(pdftex.def)             Requested size: 385.02547pt x 216.0584pt.
 [6 <./figures/fig_random_forest_architecture.pdf>]
<figures/fig_gradient_boosting_sequential.pdf, id=738, 385.74112pt x 188.6247pt
>
File: figures/fig_gradient_boosting_sequential.pdf Graphic file (type pdf)
<use figures/fig_gradient_boosting_sequential.pdf>
Package pdftex.def Info: figures/fig_gradient_boosting_sequential.pdf  used on 
input line 248.
(pdftex.def)             Requested size: 385.02547pt x 188.28459pt.
 [7 <./figures/fig_gradient_boosting_sequential.pdf>]
<figures/fig_cascade_classifier.pdf, id=810, 385.74112pt x 188.6247pt>
File: figures/fig_cascade_classifier.pdf Graphic file (type pdf)
<use figures/fig_cascade_classifier.pdf>
Package pdftex.def Info: figures/fig_cascade_classifier.pdf  used on input line
 283.
(pdftex.def)             Requested size: 385.02547pt x 188.28459pt.
<figures/fig_kfold_cross_validation.pdf, id=812, 307.95049pt x 216.44865pt>
File: figures/fig_kfold_cross_validation.pdf Graphic file (type pdf)
<use figures/fig_kfold_cross_validation.pdf>
Package pdftex.def Info: figures/fig_kfold_cross_validation.pdf  used on input 
line 311.
(pdftex.def)             Requested size: 385.02547pt x 270.6328pt.
 [8 <./figures/fig_cascade_classifier.pdf>]
<figures/fig_data_leakage_scenarios.pdf, id=882, 385.74112pt x 188.6247pt>
File: figures/fig_data_leakage_scenarios.pdf Graphic file (type pdf)
<use figures/fig_data_leakage_scenarios.pdf>
Package pdftex.def Info: figures/fig_data_leakage_scenarios.pdf  used on input 
line 338.
(pdftex.def)             Requested size: 385.02547pt x 188.28459pt.
 [9{/usr/share/texmf/fonts/enc/dvips/cm-super/cm-super-ts1.enc} <./figures/fig_
kfold_cross_validation.pdf>]
<figures/fig_tfidf_computation.pdf, id=929, 385.74112pt x 160.80075pt>
File: figures/fig_tfidf_computation.pdf Graphic file (type pdf)
<use figures/fig_tfidf_computation.pdf>
Package pdftex.def Info: figures/fig_tfidf_computation.pdf  used on input line 
379.
(pdftex.def)             Requested size: 385.02547pt x 160.5108pt.
 [10 <./figures/fig_data_leakage_scenarios.pdf>]
<figures/fig_one_hot_encoding.pdf, id=975, 315.32494pt x 188.6247pt>
File: figures/fig_one_hot_encoding.pdf Graphic file (type pdf)
<use figures/fig_one_hot_encoding.pdf>
Package pdftex.def Info: figures/fig_one_hot_encoding.pdf  used on input line 4
00.
(pdftex.def)             Requested size: 362.37569pt x 216.77567pt.
 [11 <./figures/fig_tfidf_computation.pdf> <./figures/fig_one_hot_encoding.pdf>
]
<figures/fig_feature_scaling_comparison.pdf, id=1118, 422.80144pt x 202.98961pt
>
File: figures/fig_feature_scaling_comparison.pdf Graphic file (type pdf)
<use figures/fig_feature_scaling_comparison.pdf>
Package pdftex.def Info: figures/fig_feature_scaling_comparison.pdf  used on in
put line 421.
(pdftex.def)             Requested size: 362.37569pt x 173.98535pt.
<figures/fig_feature_binning.pdf, id=1120, 422.16246pt x 231.91142pt>
File: figures/fig_feature_binning.pdf Graphic file (type pdf)
<use figures/fig_feature_binning.pdf>
Package pdftex.def Info: figures/fig_feature_binning.pdf  used on input line 45
4.
(pdftex.def)             Requested size: 362.37569pt x 199.06836pt.
 [12 <./figures/fig_feature_scaling_comparison.pdf>]
<figures/fig_interaction_features.pdf, id=1176, 440.43765pt x 230.06075pt>
File: figures/fig_interaction_features.pdf Graphic file (type pdf)
<use figures/fig_interaction_features.pdf>
Package pdftex.def Info: figures/fig_interaction_features.pdf  used on input li
ne 487.
(pdftex.def)             Requested size: 362.37569pt x 189.29695pt.
 [13 <./figures/fig_feature_binning.pdf> <./figures/fig_interaction_features.pd
f>]
<figures/fig_csr_format.pdf, id=1288, 394.01108pt x 216.44865pt>
File: figures/fig_csr_format.pdf Graphic file (type pdf)
<use figures/fig_csr_format.pdf>
Package pdftex.def Info: figures/fig_csr_format.pdf  used on input line 508.
(pdftex.def)             Requested size: 362.37569pt x 199.07242pt.
 [14 <./figures/fig_csr_format.pdf>]
<figures/fig_fuzzy_matching.pdf, id=1357, 307.95049pt x 188.6247pt>
File: figures/fig_fuzzy_matching.pdf Graphic file (type pdf)
<use figures/fig_fuzzy_matching.pdf>
Package pdftex.def Info: figures/fig_fuzzy_matching.pdf  used on input line 575
.
(pdftex.def)             Requested size: 362.37569pt x 221.9679pt.
 [15 <./figures/fig_fuzzy_matching.pdf>]
<figures/fig_rule_engine_flow.pdf, id=1449, 301.72725pt x 244.2726pt>
File: figures/fig_rule_engine_flow.pdf Graphic file (type pdf)
<use figures/fig_rule_engine_flow.pdf>
Package pdftex.def Info: figures/fig_rule_engine_flow.pdf  used on input line 6
11.
(pdftex.def)             Requested size: 385.02547pt x 311.71367pt.
 [16 <./figures/fig_rule_engine_flow.pdf>]
<figures/fig_confidence_thresholds.pdf, id=1503, 397.25287pt x 161.52094pt>
File: figures/fig_confidence_thresholds.pdf Graphic file (type pdf)
<use figures/fig_confidence_thresholds.pdf>
Package pdftex.def Info: figures/fig_confidence_thresholds.pdf  used on input l
ine 659.
(pdftex.def)             Requested size: 385.02547pt x 156.54941pt.
 [17 <./figures/fig_confidence_thresholds.pdf>]
<figures/fig_weighted_blending.pdf, id=1567, 338.78758pt x 234.68867pt>
File: figures/fig_weighted_blending.pdf Graphic file (type pdf)
<use figures/fig_weighted_blending.pdf>
Package pdftex.def Info: figures/fig_weighted_blending.pdf  used on input line 
698.
(pdftex.def)             Requested size: 385.02547pt x 266.72064pt.
 [18 <./figures/fig_weighted_blending.pdf>]
<figures/fig_geometric_vs_arithmetic_mean.pdf, id=1624, 333.03171pt x 221.28442
pt>
File: figures/fig_geometric_vs_arithmetic_mean.pdf Graphic file (type pdf)
<use figures/fig_geometric_vs_arithmetic_mean.pdf>
Package pdftex.def Info: figures/fig_geometric_vs_arithmetic_mean.pdf  used on 
input line 731.
(pdftex.def)             Requested size: 362.37569pt x 240.80356pt.
 [19 <./figures/fig_geometric_vs_arithmetic_mean.pdf>]
<figures/fig_transformer_architecture.pdf, id=1702, 301.72725pt x 309.19516pt>
File: figures/fig_transformer_architecture.pdf Graphic file (type pdf)
<use figures/fig_transformer_architecture.pdf>
Package pdftex.def Info: figures/fig_transformer_architecture.pdf  used on inpu
t line 821.
(pdftex.def)             Requested size: 385.02547pt x 394.56065pt.
 [20]
<figures/fig_prompt_structure.pdf, id=1716, 385.74112pt x 216.44865pt>
File: figures/fig_prompt_structure.pdf Graphic file (type pdf)
<use figures/fig_prompt_structure.pdf>
Package pdftex.def Info: figures/fig_prompt_structure.pdf  used on input line 8
44.
(pdftex.def)             Requested size: 385.02547pt x 216.0584pt.
 [21 <./figures/fig_transformer_architecture.pdf>]
<figures/fig_temperature_effect.pdf, id=1789, 419.05307pt x 222.81744pt>
File: figures/fig_temperature_effect.pdf Graphic file (type pdf)
<use figures/fig_temperature_effect.pdf>
Package pdftex.def Info: figures/fig_temperature_effect.pdf  used on input line
 889.
(pdftex.def)             Requested size: 385.02547pt x 204.73273pt.
 [22 <./figures/fig_prompt_structure.pdf>]
<figures/fig_api_integration_flow.pdf, id=1858, 394.66728pt x 160.80075pt>
File: figures/fig_api_integration_flow.pdf Graphic file (type pdf)
<use figures/fig_api_integration_flow.pdf>
Package pdftex.def Info: figures/fig_api_integration_flow.pdf  used on input li
ne 927.
(pdftex.def)             Requested size: 385.02547pt x 156.87454pt.
 [23 <./figures/fig_temperature_effect.pdf>]
<figures/fig_exponential_backoff.pdf, id=1929, 385.74112pt x 160.80075pt>
File: figures/fig_exponential_backoff.pdf Graphic file (type pdf)
<use figures/fig_exponential_backoff.pdf>
Package pdftex.def Info: figures/fig_exponential_backoff.pdf  used on input lin
e 953.
(pdftex.def)             Requested size: 385.02547pt x 160.5108pt.
 [24 <./figures/fig_api_integration_flow.pdf> <./figures/fig_exponential_backof
f.pdf>]
<figures/fig_fallback_chain.pdf, id=2057, 328.43326pt x 244.2726pt>
File: figures/fig_fallback_chain.pdf Graphic file (type pdf)
<use figures/fig_fallback_chain.pdf>
Package pdftex.def Info: figures/fig_fallback_chain.pdf  used on input line 977
.
(pdftex.def)             Requested size: 385.02547pt x 286.38298pt.
 [25 <./figures/fig_fallback_chain.pdf>]
<figures/fig_precision_recall_f1.pdf, id=2131, 505.80542pt x 204.40239pt>
File: figures/fig_precision_recall_f1.pdf Graphic file (type pdf)
<use figures/fig_precision_recall_f1.pdf>
Package pdftex.def Info: figures/fig_precision_recall_f1.pdf  used on input lin
e 1068.
(pdftex.def)             Requested size: 362.37569pt x 146.44601pt.
 [26]
<figures/fig_confusion_matrix.pdf, id=2143, 299.76366pt x 254.33801pt>
File: figures/fig_confusion_matrix.pdf Graphic file (type pdf)
<use figures/fig_confusion_matrix.pdf>
Package pdftex.def Info: figures/fig_confusion_matrix.pdf  used on input line 1
087.
(pdftex.def)             Requested size: 362.37569pt x 307.4744pt.
 [27 <./figures/fig_precision_recall_f1.pdf> <./figures/fig_confusion_matrix.pd
f>]
<figures/fig_feature_importance.pdf, id=2240, 366.1564pt x 270.11792pt>
File: figures/fig_feature_importance.pdf Graphic file (type pdf)
<use figures/fig_feature_importance.pdf>
Package pdftex.def Info: figures/fig_feature_importance.pdf  used on input line
 1145.
(pdftex.def)             Requested size: 362.37569pt x 267.3475pt.

[28]
<figures/fig_calibration_curve.pdf, id=2250, 287.08347pt x 248.42749pt>
File: figures/fig_calibration_curve.pdf Graphic file (type pdf)
<use figures/fig_calibration_curve.pdf>
Package pdftex.def Info: figures/fig_calibration_curve.pdf  used on input line 
1173.
(pdftex.def)             Requested size: 362.37569pt x 313.60027pt.
 [29 <./figures/fig_feature_importance.pdf>] [30 <./figures/fig_calibration_cur
ve.pdf>]
<figures/fig_distributions.pdf, id=2351, 341.65768pt x 217.16884pt>
File: figures/fig_distributions.pdf Graphic file (type pdf)
<use figures/fig_distributions.pdf>
Package pdftex.def Info: figures/fig_distributions.pdf  used on input line 1216
.
(pdftex.def)             Requested size: 385.02547pt x 244.73515pt.
<figures/fig_weighted_sampling.pdf, id=2352, 425.79701pt x 218.04712pt>
File: figures/fig_weighted_sampling.pdf Graphic file (type pdf)
<use figures/fig_weighted_sampling.pdf>
Package pdftex.def Info: figures/fig_weighted_sampling.pdf  used on input line 
1242.
(pdftex.def)             Requested size: 362.37569pt x 185.5738pt.
 [31 <./figures/fig_distributions.pdf>]
<figures/fig_mixture_distribution.pdf, id=2396, 347.41356pt x 217.16884pt>
File: figures/fig_mixture_distribution.pdf Graphic file (type pdf)
<use figures/fig_mixture_distribution.pdf>
Package pdftex.def Info: figures/fig_mixture_distribution.pdf  used on input li
ne 1266.
(pdftex.def)             Requested size: 362.37569pt x 226.52293pt.
 [32 <./figures/fig_weighted_sampling.pdf> <./figures/fig_mixture_distribution.
pdf>]
<figures/fig_correlated_features.pdf, id=2492, 417.89249pt x 191.8072pt>
File: figures/fig_correlated_features.pdf Graphic file (type pdf)
<use figures/fig_correlated_features.pdf>
Package pdftex.def Info: figures/fig_correlated_features.pdf  used on input lin
e 1294.
(pdftex.def)             Requested size: 362.37569pt x 166.32947pt.
 [33 <./figures/fig_correlated_features.pdf>]
<figures/fig_pipeline_architecture.pdf, id=2531, 385.74112pt x 160.80075pt>
File: figures/fig_pipeline_architecture.pdf Graphic file (type pdf)
<use figures/fig_pipeline_architecture.pdf>
Package pdftex.def Info: figures/fig_pipeline_architecture.pdf  used on input l
ine 1371.
(pdftex.def)             Requested size: 385.02547pt x 160.5108pt.
 [34 <./figures/fig_pipeline_architecture.pdf>]
<figures/fig_hybrid_engine.pdf, id=2620, 385.74112pt x 216.44865pt>
File: figures/fig_hybrid_engine.pdf Graphic file (type pdf)
<use figures/fig_hybrid_engine.pdf>
Package pdftex.def Info: figures/fig_hybrid_engine.pdf  used on input line 1392
.
(pdftex.def)             Requested size: 385.02547pt x 216.0584pt.
<figures/fig_model_serialization.pdf, id=2621, 385.74112pt x 160.80075pt>
File: figures/fig_model_serialization.pdf Graphic file (type pdf)
<use figures/fig_model_serialization.pdf>
Package pdftex.def Info: figures/fig_model_serialization.pdf  used on input lin
e 1430.
(pdftex.def)             Requested size: 385.02547pt x 160.5108pt.
 [35 <./figures/fig_hybrid_engine.pdf>]
<figures/fig_rest_api.pdf, id=2702, 390.646pt x 188.6247pt>
File: figures/fig_rest_api.pdf Graphic file (type pdf)
<use figures/fig_rest_api.pdf>
Package pdftex.def Info: figures/fig_rest_api.pdf  used on input line 1480.
(pdftex.def)             Requested size: 385.02547pt x 185.91873pt.
 [36 <./figures/fig_model_serialization.pdf>]
(/usr/share/texlive/texmf-dist/tex/latex/listings/lstlang1.sty
File: lstlang1.sty 2023/02/27 1.9 listings language file
) [37 <./figures/fig_rest_api.pdf>] [38]
<figures/fig_file_upload_flow.pdf, id=2868, 386.78502pt x 188.6247pt>
File: figures/fig_file_upload_flow.pdf Graphic file (type pdf)
<use figures/fig_file_upload_flow.pdf>
Package pdftex.def Info: figures/fig_file_upload_flow.pdf  used on input line 1
585.
(pdftex.def)             Requested size: 385.02547pt x 187.76651pt.
<figures/fig_ocr_pipeline.pdf, id=2869, 385.74112pt x 160.80075pt>
File: figures/fig_ocr_pipeline.pdf Graphic file (type pdf)
<use figures/fig_ocr_pipeline.pdf>
Package pdftex.def Info: figures/fig_ocr_pipeline.pdf  used on input line 1628.

(pdftex.def)             Requested size: 385.02547pt x 160.5108pt.
 [39 <./figures/fig_file_upload_flow.pdf>] [40 <./figures/fig_ocr_pipeline.pdf>
]
(/usr/share/texlive/texmf-dist/tex/latex/listings/lstlang1.sty
File: lstlang1.sty 2023/02/27 1.9 listings language file
)
(/usr/share/texlive/texmf-dist/tex/latex/listings/lstlang1.sty
File: lstlang1.sty 2023/02/27 1.9 listings language file
)
<figures/fig_logging_architecture.pdf, id=3008, 301.72725pt x 244.2726pt>
File: figures/fig_logging_architecture.pdf Graphic file (type pdf)
<use figures/fig_logging_architecture.pdf>
Package pdftex.def Info: figures/fig_logging_architecture.pdf  used on input li
ne 1700.
(pdftex.def)             Requested size: 385.02547pt x 311.71367pt.

Overfull \hbox (23.33246pt too wide) in paragraph at lines 1710--1711
\T1/cmr/m/n/10 Hierarchical log-ger names-pac-ing or-gan-ises log-gers in a dot
-separated tree struc-ture (e.g., \T1/cmtt/m/n/10 trace.ml_predictor\T1/cmr/m/n
/10 ,
 []

[41 <./figures/fig_logging_architecture.pdf>]
<figures/fig_docker_layers.pdf, id=3053, 301.72725pt x 244.2726pt>
File: figures/fig_docker_layers.pdf Graphic file (type pdf)
<use figures/fig_docker_layers.pdf>
Package pdftex.def Info: figures/fig_docker_layers.pdf  used on input line 1752
.
(pdftex.def)             Requested size: 385.02547pt x 311.71367pt.
 [42] [43 <./figures/fig_docker_layers.pdf>]
<figures/fig_health_check_cycle.pdf, id=3125, 245.718pt x 244.2726pt>
File: figures/fig_health_check_cycle.pdf Graphic file (type pdf)
<use figures/fig_health_check_cycle.pdf>
Package pdftex.def Info: figures/fig_health_check_cycle.pdf  used on input line
 1799.
(pdftex.def)             Requested size: 385.02547pt x 382.80437pt.
 [44 <./figures/fig_health_check_cycle.pdf>]
<figures/fig_correlation_scatter.pdf, id=3194, 417.89249pt x 191.8072pt>
File: figures/fig_correlation_scatter.pdf Graphic file (type pdf)
<use figures/fig_correlation_scatter.pdf>
Package pdftex.def Info: figures/fig_correlation_scatter.pdf  used on input lin
e 1859.
(pdftex.def)             Requested size: 385.02547pt x 176.72816pt.
 [45 <./figures/fig_correlation_scatter.pdf>]
<figures/fig_box_plot.pdf, id=3233, 333.03171pt x 206.42056pt>
File: figures/fig_box_plot.pdf Graphic file (type pdf)
<use figures/fig_box_plot.pdf>
Package pdftex.def Info: figures/fig_box_plot.pdf  used on input line 1932.
(pdftex.def)             Requested size: 362.37569pt x 224.62857pt.
 [46] [47 <./figures/fig_box_plot.pdf>]
(./Foundation_TRACE.aux)
 ***********
LaTeX2e <2023-11-01> patch level 1
L3 programming layer <2024-01-22>
 ***********
Package rerunfilecheck Info: File `Foundation_TRACE.out' has not changed.
(rerunfilecheck)             Checksum: 8C1BFE83018B9BB1A4F636B1196B949E;16632.
 ) 
Here is how much of TeX's memory you used:
 27613 strings out of 474222
 514252 string characters out of 5748733
 1975975 words of memory out of 5000000
 49066 multiletter control sequences out of 15000+600000
 576079 words of font info for 82 fonts, out of 8000000 for 9000
 1141 hyphenation exceptions out of 8191
 84i,15n,93p,676b,1992s stack positions out of 10000i,1000n,20000p,200000b,200000s
</usr/share/texlive/texmf-dist/fonts/type1/public/amsfonts/cm/cmbx10.pfb></us
r/share/texlive/texmf-dist/fonts/type1/public/amsfonts/cm/cmex10.pfb></usr/shar
e/texlive/texmf-dist/fonts/type1/public/amsfonts/cm/cmmi10.pfb></usr/share/texl
ive/texmf-dist/fonts/type1/public/amsfonts/cm/cmmi5.pfb></usr/share/texlive/tex
mf-dist/fonts/type1/public/amsfonts/cm/cmmi7.pfb></usr/share/texlive/texmf-dist
/fonts/type1/public/amsfonts/cm/cmr10.pfb></usr/share/texlive/texmf-dist/fonts/
type1/public/amsfonts/cm/cmr5.pfb></usr/share/texlive/texmf-dist/fonts/type1/pu
blic/amsfonts/cm/cmr7.pfb></usr/share/texlive/texmf-dist/fonts/type1/public/ams
fonts/cm/cmsy10.pfb></usr/share/texlive/texmf-dist/fonts/type1/public/amsfonts/
cm/cmsy5.pfb></usr/share/texlive/texmf-dist/fonts/type1/public/amsfonts/cm/cmsy
7.pfb></usr/share/texlive/texmf-dist/fonts/type1/public/amsfonts/symbols/msbm10
.pfb></usr/share/texmf/fonts/type1/public/cm-super/sfbx1000.pfb></usr/share/tex
mf/fonts/type1/public/cm-super/sfbx1200.pfb></usr/share/texmf/fonts/type1/publi
c/cm-super/sfbx1440.pfb></usr/share/texmf/fonts/type1/public/cm-super/sfbx1728.
pfb></usr/share/texmf/fonts/type1/public/cm-super/sfrm0500.pfb></usr/share/texm
f/fonts/type1/public/cm-super/sfrm0700.pfb></usr/share/texmf/fonts/type1/public
/cm-super/sfrm1000.pfb></usr/share/texmf/fonts/type1/public/cm-super/sfrm1200.p
fb></usr/share/texmf/fonts/type1/public/cm-super/sfti1000.pfb></usr/share/texmf
/fonts/type1/public/cm-super/sftt0900.pfb></usr/share/texmf/fonts/type1/public/
cm-super/sftt1000.pfb>
Output written on Foundation_TRACE.pdf (47 pages, 1229170 bytes).
PDF statistics:
 3466 PDF objects out of 3580 (max. 8388607)
 1423 compressed objects within 15 object streams
 347 named destinations out of 1000 (max. 500000)
 945 words of extra memory for PDF output out of 10000 (max. 10000000)

