\BOOKMARK [1][-]{section.1}{\376\377\000R\000e\000s\000e\000a\000r\000c\000h\000\040\000M\000e\000t\000h\000o\000d\000o\000l\000o\000g\000y}{}% 1
\BOOKMARK [2][-]{subsection.1.1}{\376\377\000H\000y\000b\000r\000i\000d\000\040\000D\000e\000c\000i\000s\000i\000o\000n\000\040\000E\000n\000g\000i\000n\000e\000\040\000D\000e\000s\000i\000g\000n}{section.1}% 2
\BOOKMARK [2][-]{subsection.1.2}{\376\377\000S\000i\000x\000-\000S\000t\000a\000g\000e\000\040\000P\000i\000p\000e\000l\000i\000n\000e\000\040\000A\000r\000c\000h\000i\000t\000e\000c\000t\000u\000r\000e}{section.1}% 3
\BOOKMARK [2][-]{subsection.1.3}{\376\377\000R\000e\000s\000e\000a\000r\000c\000h\000\040\000P\000r\000o\000b\000l\000e\000m\000\040\000F\000o\000r\000m\000u\000l\000a\000t\000i\000o\000n}{section.1}% 4
\BOOKMARK [2][-]{subsection.1.4}{\376\377\000E\000v\000a\000l\000u\000a\000t\000i\000o\000n\000\040\000S\000t\000r\000a\000t\000e\000g\000y\000\040\000O\000v\000e\000r\000v\000i\000e\000w}{section.1}% 5
\BOOKMARK [1][-]{section.2}{\376\377\000D\000a\000t\000a\000s\000e\000t\000\040\000A\000r\000c\000h\000i\000t\000e\000c\000t\000u\000r\000e}{}% 6
\BOOKMARK [2][-]{subsection.2.1}{\376\377\000S\000y\000n\000t\000h\000e\000t\000i\000c\000\040\000D\000a\000t\000a\000s\000e\000t\000\040\000O\000v\000e\000r\000v\000i\000e\000w}{section.2}% 7
\BOOKMARK [2][-]{subsection.2.2}{\376\377\000F\000a\000i\000l\000u\000r\000e\000\040\000A\000n\000a\000l\000y\000s\000i\000s\000\040\000C\000l\000a\000s\000s\000\040\000D\000i\000s\000t\000r\000i\000b\000u\000t\000i\000o\000n}{section.2}% 8
\BOOKMARK [2][-]{subsection.2.3}{\376\377\000V\000o\000l\000t\000a\000g\000e\000\040\000D\000i\000s\000t\000r\000i\000b\000u\000t\000i\000o\000n\000\040\000b\000y\000\040\000F\000a\000i\000l\000u\000r\000e\000\040\000C\000l\000a\000s\000s}{section.2}% 9
\BOOKMARK [2][-]{subsection.2.4}{\376\377\000M\000i\000l\000e\000a\000g\000e\000\040\000D\000i\000s\000t\000r\000i\000b\000u\000t\000i\000o\000n\000\040\000b\000y\000\040\000F\000a\000i\000l\000u\000r\000e\000\040\000C\000l\000a\000s\000s}{section.2}% 10
\BOOKMARK [2][-]{subsection.2.5}{\376\377\000D\000T\000C\000\040\000C\000o\000d\000e\000\040\000A\000r\000c\000h\000i\000t\000e\000c\000t\000u\000r\000e}{section.2}% 11
\BOOKMARK [2][-]{subsection.2.6}{\376\377\000W\000a\000r\000r\000a\000n\000t\000y\000\040\000D\000e\000c\000i\000s\000i\000o\000n\000\040\000P\000r\000o\000b\000a\000b\000i\000l\000i\000t\000i\000e\000s}{section.2}% 12
\BOOKMARK [2][-]{subsection.2.7}{\376\377\000L\000a\000b\000e\000l\000\040\000N\000o\000i\000s\000e\000\040\000I\000n\000j\000e\000c\000t\000i\000o\000n}{section.2}% 13
\BOOKMARK [1][-]{section.3}{\376\377\000D\000a\000t\000a\000\040\000P\000r\000e\000p\000a\000r\000a\000t\000i\000o\000n\000\040\000P\000i\000p\000e\000l\000i\000n\000e}{}% 14
\BOOKMARK [2][-]{subsection.3.1}{\376\377\000D\000a\000t\000a\000\040\000L\000o\000a\000d\000i\000n\000g\000\040\000a\000n\000d\000\040\000C\000l\000e\000a\000n\000i\000n\000g}{section.3}% 15
\BOOKMARK [2][-]{subsection.3.2}{\376\377\000T\000r\000a\000i\000n\000-\000T\000e\000s\000t\000\040\000S\000p\000l\000i\000t\000\040\000S\000t\000r\000a\000t\000e\000g\000y}{section.3}% 16
\BOOKMARK [2][-]{subsection.3.3}{\376\377\000F\000e\000a\000t\000u\000r\000e\000\040\000E\000n\000g\000i\000n\000e\000e\000r\000i\000n\000g\000\040\040\024\000\040\000D\000e\000r\000i\000v\000e\000d\000\040\000C\000o\000l\000u\000m\000n\000s}{section.3}% 17
\BOOKMARK [2][-]{subsection.3.4}{\376\377\000T\000r\000a\000n\000s\000f\000o\000r\000m\000e\000r\000\040\000F\000i\000t\000t\000i\000n\000g\000\040\000P\000i\000p\000e\000l\000i\000n\000e}{section.3}% 18
\BOOKMARK [2][-]{subsection.3.5}{\376\377\000D\000T\000C\000\040\000F\000e\000a\000t\000u\000r\000e\000\040\000E\000x\000t\000r\000a\000c\000t\000i\000o\000n}{section.3}% 19
\BOOKMARK [2][-]{subsection.3.6}{\376\377\000C\000o\000m\000p\000l\000a\000i\000n\000t\000\040\000M\000a\000t\000c\000h\000i\000n\000g}{section.3}% 20
\BOOKMARK [1][-]{section.4}{\376\377\000M\000o\000d\000e\000l\000\040\000A\000r\000c\000h\000i\000t\000e\000c\000t\000u\000r\000e}{}% 21
\BOOKMARK [2][-]{subsection.4.1}{\376\377\000X\000G\000B\000o\000o\000s\000t\000\040\000C\000l\000a\000s\000s\000i\000f\000i\000e\000r\000\040\000C\000o\000n\000f\000i\000g\000u\000r\000a\000t\000i\000o\000n}{section.4}% 22
\BOOKMARK [2][-]{subsection.4.2}{\376\377\000C\000a\000s\000c\000a\000d\000e\000\040\000A\000r\000c\000h\000i\000t\000e\000c\000t\000u\000r\000e\000\040\040\024\000\040\000O\000u\000t\000-\000o\000f\000-\000F\000o\000l\000d\000\040\000P\000r\000o\000b\000a\000b\000i\000l\000i\000t\000i\000e\000s}{section.4}% 23
\BOOKMARK [2][-]{subsection.4.3}{\376\377\000R\000u\000l\000e\000\040\000E\000n\000g\000i\000n\000e\000\040\040\024\000\040\000C\000o\000m\000p\000l\000e\000t\000e\000\040\000R\000u\000l\000e\000\040\000S\000p\000e\000c\000i\000f\000i\000c\000a\000t\000i\000o\000n}{section.4}% 24
\BOOKMARK [2][-]{subsection.4.4}{\376\377\000L\000L\000M\000\040\000I\000n\000t\000e\000g\000r\000a\000t\000i\000o\000n\000\040\000A\000r\000c\000h\000i\000t\000e\000c\000t\000u\000r\000e}{section.4}% 25
\BOOKMARK [2][-]{subsection.4.5}{\376\377\000L\000L\000M\000\040\000C\000l\000a\000i\000m\000\040\000C\000a\000t\000e\000g\000o\000r\000i\000s\000a\000t\000i\000o\000n}{section.4}% 26
\BOOKMARK [2][-]{subsection.4.6}{\376\377\000S\000c\000o\000r\000e\000\040\000C\000o\000m\000b\000i\000n\000a\000t\000i\000o\000n\000\040\000L\000o\000g\000i\000c}{section.4}% 27
\BOOKMARK [1][-]{section.5}{\376\377\000I\000n\000f\000e\000r\000e\000n\000c\000e\000\040\000P\000i\000p\000e\000l\000i\000n\000e}{}% 28
\BOOKMARK [2][-]{subsection.5.1}{\376\377\000S\000t\000a\000g\000e\000\040\0001\000\040\040\024\000\040\000L\000L\000M\000\040\000C\000l\000a\000i\000m\000\040\000U\000n\000d\000e\000r\000s\000t\000a\000n\000d\000i\000n\000g}{section.5}% 29
\BOOKMARK [2][-]{subsection.5.2}{\376\377\000S\000t\000a\000g\000e\000\040\0002\000\040\040\024\000\040\000R\000u\000l\000e\000\040\000E\000n\000g\000i\000n\000e\000\040\000E\000v\000a\000l\000u\000a\000t\000i\000o\000n}{section.5}% 30
\BOOKMARK [2][-]{subsection.5.3}{\376\377\000S\000t\000a\000g\000e\000\040\0003\000\040\040\024\000\040\000F\000e\000a\000t\000u\000r\000e\000\040\000T\000r\000a\000n\000s\000l\000a\000t\000i\000o\000n}{section.5}% 31
\BOOKMARK [2][-]{subsection.5.4}{\376\377\000S\000t\000a\000g\000e\000\040\0004\000\040\040\024\000\040\000X\000G\000B\000o\000o\000s\000t\000\040\000C\000a\000s\000c\000a\000d\000e\000\040\000S\000c\000o\000r\000i\000n\000g}{section.5}% 32
\BOOKMARK [2][-]{subsection.5.5}{\376\377\000S\000t\000a\000g\000e\000\040\0005\000\040\040\024\000\040\000S\000c\000o\000r\000e\000\040\000C\000o\000m\000b\000i\000n\000a\000t\000i\000o\000n}{section.5}% 33
\BOOKMARK [2][-]{subsection.5.6}{\376\377\000S\000t\000a\000g\000e\000\040\0006\000\040\040\024\000\040\000O\000u\000t\000p\000u\000t\000\040\000F\000o\000r\000m\000a\000t\000t\000i\000n\000g}{section.5}% 34
\BOOKMARK [2][-]{subsection.5.7}{\376\377\000C\000o\000m\000p\000l\000e\000t\000e\000\040\000P\000r\000e\000d\000i\000c\000t\000i\000o\000n\000\040\000F\000l\000o\000w}{section.5}% 35
\BOOKMARK [1][-]{section.6}{\376\377\000E\000v\000a\000l\000u\000a\000t\000i\000o\000n\000\040\000M\000e\000t\000h\000o\000d\000o\000l\000o\000g\000y}{}% 36
\BOOKMARK [2][-]{subsection.6.1}{\376\377\000I\000s\000o\000l\000a\000t\000e\000d\000\040\000C\000l\000a\000s\000s\000i\000f\000i\000e\000r\000\040\000E\000v\000a\000l\000u\000a\000t\000i\000o\000n}{section.6}% 37
\BOOKMARK [2][-]{subsection.6.2}{\376\377\000C\000r\000o\000s\000s\000-\000V\000a\000l\000i\000d\000a\000t\000i\000o\000n\000\040\000o\000n\000\040\000H\000e\000l\000d\000-\000O\000u\000t\000\040\000T\000e\000s\000t\000\040\000S\000e\000t}{section.6}% 38
\BOOKMARK [2][-]{subsection.6.3}{\376\377\000C\000a\000s\000c\000a\000d\000e\000\040\000C\000a\000l\000i\000b\000r\000a\000t\000i\000o\000n\000\040\000C\000h\000e\000c\000k}{section.6}% 39
\BOOKMARK [2][-]{subsection.6.4}{\376\377\000E\000n\000d\000-\000t\000o\000-\000E\000n\000d\000\040\000P\000i\000p\000e\000l\000i\000n\000e\000\040\000E\000v\000a\000l\000u\000a\000t\000i\000o\000n}{section.6}% 40
\BOOKMARK [2][-]{subsection.6.5}{\376\377\000F\000e\000a\000t\000u\000r\000e\000\040\000I\000m\000p\000o\000r\000t\000a\000n\000c\000e\000\040\000A\000n\000a\000l\000y\000s\000i\000s}{section.6}% 41
\BOOKMARK [1][-]{section.7}{\376\377\000S\000y\000s\000t\000e\000m\000\040\000A\000r\000c\000h\000i\000t\000e\000c\000t\000u\000r\000e\000\040\000\046\000\040\000D\000e\000p\000l\000o\000y\000m\000e\000n\000t}{}% 42
\BOOKMARK [2][-]{subsection.7.1}{\376\377\000F\000a\000s\000t\000A\000P\000I\000\040\000B\000a\000c\000k\000e\000n\000d\000\040\000A\000r\000c\000h\000i\000t\000e\000c\000t\000u\000r\000e}{section.7}% 43
\BOOKMARK [2][-]{subsection.7.2}{\376\377\000F\000r\000o\000n\000t\000e\000n\000d\000\040\000A\000r\000c\000h\000i\000t\000e\000c\000t\000u\000r\000e}{section.7}% 44
\BOOKMARK [2][-]{subsection.7.3}{\376\377\000D\000o\000c\000k\000e\000r\000\040\000C\000o\000m\000p\000o\000s\000e\000\040\000D\000e\000p\000l\000o\000y\000m\000e\000n\000t}{section.7}% 45
\BOOKMARK [2][-]{subsection.7.4}{\376\377\000L\000o\000g\000g\000i\000n\000g\000\040\000a\000n\000d\000\040\000O\000b\000s\000e\000r\000v\000a\000b\000i\000l\000i\000t\000y}{section.7}% 46
\BOOKMARK [2][-]{subsection.7.5}{\376\377\000M\000o\000d\000e\000l\000\040\000S\000e\000r\000i\000a\000l\000i\000z\000a\000t\000i\000o\000n\000\040\000a\000n\000d\000\040\000A\000u\000t\000o\000-\000T\000r\000a\000i\000n\000i\000n\000g}{section.7}% 47
